Archive member included to satisfy reference by file (symbol)

file_processing/libfile_processing.a(file_processing.c.obj)
                              app/CMakeFiles/app_main.dir/main.c.obj (file_processing_main)
hardware_processing/libhardware_processing.a(hardware_processing.c.obj)
                              app/CMakeFiles/app_main.dir/main.c.obj (pio_dma_setup)
hardware_processing/libhardware_processing.a(queue.c.obj)
                              app/CMakeFiles/app_main.dir/main.c.obj (queue_init)
hardware_processing/libhardware_processing.a(pio.c.obj)
                              hardware_processing/libhardware_processing.a(hardware_processing.c.obj) (pio_claim_unused_sm)
hardware_processing/libhardware_processing.a(dma.c.obj)
                              hardware_processing/libhardware_processing.a(hardware_processing.c.obj) (dma_claim_unused_channel)
fatfs/libfatfs_lib.a(ff.c.obj)
                              file_processing/libfile_processing.a(file_processing.c.obj) (f_mount)
fatfs/libfatfs_lib.a(ffunicode.c.obj)
                              fatfs/libfatfs_lib.a(ff.c.obj) (ff_uni2oem)
fatfs/libfatfs_lib.a(msc_app.c.obj)
                              app/CMakeFiles/app_main.dir/main.c.obj (msc_app_task)
C:/Users/Mypc/.pico-sdk/toolchain/14_2_Rel1/bin/../lib/gcc/arm-none-eabi/14.2.1/thumb/v6-m/nofp\libgcc.a(_dvmd_tls.o)
                              app/CMakeFiles/app_main.dir/C_/Users/Mypc/.pico-sdk/sdk/2.2.0/src/rp2_common/pico_divider/divider_hardware.S.obj (__aeabi_idiv0)
C:/Users/Mypc/.pico-sdk/toolchain/14_2_Rel1/bin/../lib/gcc/arm-none-eabi/14.2.1/thumb/v6-m/nofp\libg.a(libc_a-calloc.o)
                              app/CMakeFiles/app_main.dir/C_/Users/Mypc/.pico-sdk/sdk/2.2.0/src/rp2_common/pico_malloc/malloc.c.obj (calloc)
C:/Users/Mypc/.pico-sdk/toolchain/14_2_Rel1/bin/../lib/gcc/arm-none-eabi/14.2.1/thumb/v6-m/nofp\libg.a(libc_a-callocr.o)
                              C:/Users/Mypc/.pico-sdk/toolchain/14_2_Rel1/bin/../lib/gcc/arm-none-eabi/14.2.1/thumb/v6-m/nofp\libg.a(libc_a-calloc.o) (_calloc_r)
C:/Users/Mypc/.pico-sdk/toolchain/14_2_Rel1/bin/../lib/gcc/arm-none-eabi/14.2.1/thumb/v6-m/nofp\libg.a(libc_a-malloc.o)
                              app/CMakeFiles/app_main.dir/C_/Users/Mypc/.pico-sdk/sdk/2.2.0/src/rp2_common/pico_malloc/malloc.c.obj (malloc)
C:/Users/Mypc/.pico-sdk/toolchain/14_2_Rel1/bin/../lib/gcc/arm-none-eabi/14.2.1/thumb/v6-m/nofp\libg.a(libc_a-mallocr.o)
                              C:/Users/Mypc/.pico-sdk/toolchain/14_2_Rel1/bin/../lib/gcc/arm-none-eabi/14.2.1/thumb/v6-m/nofp\libg.a(libc_a-callocr.o) (_malloc_r)
C:/Users/Mypc/.pico-sdk/toolchain/14_2_Rel1/bin/../lib/gcc/arm-none-eabi/14.2.1/thumb/v6-m/nofp\libg.a(libc_a-mlock.o)
                              C:/Users/Mypc/.pico-sdk/toolchain/14_2_Rel1/bin/../lib/gcc/arm-none-eabi/14.2.1/thumb/v6-m/nofp\libg.a(libc_a-mallocr.o) (__malloc_lock)
C:/Users/Mypc/.pico-sdk/toolchain/14_2_Rel1/bin/../lib/gcc/arm-none-eabi/14.2.1/thumb/v6-m/nofp\libg.a(libc_a-realloc.o)
                              app/CMakeFiles/app_main.dir/C_/Users/Mypc/.pico-sdk/sdk/2.2.0/src/rp2_common/pico_malloc/malloc.c.obj (realloc)
C:/Users/Mypc/.pico-sdk/toolchain/14_2_Rel1/bin/../lib/gcc/arm-none-eabi/14.2.1/thumb/v6-m/nofp\libg.a(libc_a-reallocr.o)
                              C:/Users/Mypc/.pico-sdk/toolchain/14_2_Rel1/bin/../lib/gcc/arm-none-eabi/14.2.1/thumb/v6-m/nofp\libg.a(libc_a-realloc.o) (_realloc_r)
C:/Users/Mypc/.pico-sdk/toolchain/14_2_Rel1/bin/../lib/gcc/arm-none-eabi/14.2.1/thumb/v6-m/nofp\libg.a(libc_a-ctype_.o)
                              app/CMakeFiles/app_main.dir/C_/Users/Mypc/.pico-sdk/sdk/2.2.0/lib/tinyusb/src/tusb.c.obj (_ctype_)
C:/Users/Mypc/.pico-sdk/toolchain/14_2_Rel1/bin/../lib/gcc/arm-none-eabi/14.2.1/thumb/v6-m/nofp\libg.a(libc_a-setbuf.o)
                              fatfs/libfatfs_lib.a(msc_app.c.obj) (setbuf)
C:/Users/Mypc/.pico-sdk/toolchain/14_2_Rel1/bin/../lib/gcc/arm-none-eabi/14.2.1/thumb/v6-m/nofp\libg.a(libc_a-setvbuf.o)
                              C:/Users/Mypc/.pico-sdk/toolchain/14_2_Rel1/bin/../lib/gcc/arm-none-eabi/14.2.1/thumb/v6-m/nofp\libg.a(libc_a-setbuf.o) (setvbuf)
C:/Users/Mypc/.pico-sdk/toolchain/14_2_Rel1/bin/../lib/gcc/arm-none-eabi/14.2.1/thumb/v6-m/nofp\libg.a(libc_a-memcmp.o)
                              app/CMakeFiles/app_main.dir/C_/Users/Mypc/.pico-sdk/sdk/2.2.0/src/rp2_common/pico_atomic/atomic.c.obj (memcmp)
C:/Users/Mypc/.pico-sdk/toolchain/14_2_Rel1/bin/../lib/gcc/arm-none-eabi/14.2.1/thumb/v6-m/nofp\libg.a(libc_a-memmove.o)
                              fatfs/libfatfs_lib.a(msc_app.c.obj) (memmove)
C:/Users/Mypc/.pico-sdk/toolchain/14_2_Rel1/bin/../lib/gcc/arm-none-eabi/14.2.1/thumb/v6-m/nofp\libg.a(libc_a-strchr.o)
                              file_processing/libfile_processing.a(file_processing.c.obj) (strchr)
C:/Users/Mypc/.pico-sdk/toolchain/14_2_Rel1/bin/../lib/gcc/arm-none-eabi/14.2.1/thumb/v6-m/nofp\libg.a(libc_a-lcltime_r.o)
[...]
Memory Configuration

Name             Origin             Length             Attributes
FLASH            0x10000000         0x00200000         xr
RAM              0x20000000         0x00040000         xrw
SCRATCH_X        0x20040000         0x00001000         xrw
SCRATCH_Y        0x20041000         0x00001000         xrw
*default*        0x00000000         0xffffffff

Linker script and memory map

LOAD C:/Users/Mypc/.pico-sdk/toolchain/14_2_Rel1/bin/../lib/gcc/arm-none-eabi/14.2.1/thumb/v6-m/nofp/crti.o
LOAD C:/Users/Mypc/.pico-sdk/toolchain/14_2_Rel1/bin/../lib/gcc/arm-none-eabi/14.2.1/thumb/v6-m/nofp/crtbegin.o
LOAD C:/Users/Mypc/.pico-sdk/toolchain/14_2_Rel1/bin/../lib/gcc/arm-none-eabi/14.2.1/thumb/v6-m/nofp/crt0.o

.flash_begin    0x10000000        0x0
                0x10000000                        __flash_binary_start = .

.boot2          0x10000000      0x100
                0x10000000                        __boot2_start__ = .
 *(.boot2)
 .boot2         0x10000000      0x100 pico-sdk/src/rp2040/boot_stage2/CMakeFiles/bs2_default_library.dir/./bs2_default_padded_checksummed.S.obj
                0x10000100                        __boot2_end__ = .
                0x00000001                        ASSERT (((__boot2_end__ - __boot2_start__) == 0x100), ERROR: Pico second stage bootloader must be 256 bytes in size)

.text           0x10000100     0xda3c
                0x10000100                        __logical_binary_start = .
 *(.vectors)
 .vectors       0x10000100       0xd4 app/CMakeFiles/app_main.dir/C_/Users/Mypc/.pico-sdk/sdk/2.2.0/src/rp2_common/pico_crt0/crt0.S.obj
                0x10000100                __VECTOR_TABLE
                0x10000100                __vectors
                0x100001c0                isr_irq13
                0x100001c0                isr_irq27
                0x100001c0                isr_irq31
                0x100001c0                isr_irq12
                0x100001c0                isr_irq5
                0x100001c0                isr_irq11
                0x100001c0                isr_irq3
                0x100001c0                isr_irq23
                0x100001c0                __unhandled_user_irq
                0x100001c0                isr_irq26
                0x100001c0                isr_irq28
                0x100001c0                isr_irq19
                0x100001c0                isr_irq0
                0x100001c0                isr_irq6
                0x100001c0                isr_irq29
                0x100001c0                isr_irq16
                0x100001c0                isr_irq22
                0x100001c0                isr_irq18
                0x100001c0                isr_irq17
                0x100001c0                isr_irq14
                0x100001c0                __vectors_end
                0x100001c0                __default_isrs_start
                0x100001c0                isr_irq2
                0x100001c0                isr_irq10
                0x100001c0                isr_irq8
                0x100001c0                isr_irq24
                0x100001c0                isr_irq1
                0x100001c0                isr_irq7
                0x100001c0                isr_irq21
                0x100001c0                isr_irq20
                0x100001c0                isr_irq15
                0x100001c0                isr_irq25
                0x100001c0                isr_irq4
                0x100001c0                isr_irq30
                0x100001c0                isr_irq9
                0x100001c6                unhandled_user_irq_num_in_r0
                0x100001c8                isr_invalid
                0x100001ca                isr_nmi
                0x100001cc                isr_hardfault
                0x100001ce                isr_svcall
                0x100001d0                isr_pendsv
                0x100001d2                isr_systick
                0x100001d4                __default_isrs_end
 *(.binary_info_header)
 .binary_info_header
                0x100001d4       0x14 app/CMakeFiles/app_main.dir/C_/Users/Mypc/.pico-sdk/sdk/2.2.0/src/rp2_common/pico_crt0/crt0.S.obj
                0x100001e8                        __binary_info_header_end = .
 *(.embedded_block)
                0x100001e8                        __embedded_block_end = .
 *(.reset)
 .reset         0x100001e8       0x9c app/CMakeFiles/app_main.dir/C_/Users/Mypc/.pico-sdk/sdk/2.2.0/src/rp2_common/pico_crt0/crt0.S.obj
                0x100001e8                _entry_point
 *(.init)
 .init          0x10000284        0x4 C:/Users/Mypc/.pico-sdk/toolchain/14_2_Rel1/bin/../lib/gcc/arm-none-eabi/14.2.1/thumb/v6-m/nofp/crti.o
                0x10000284                _init
 *(EXCLUDE_FILE(*libm.a: *libc.a:*lib_a-mem*.o *libgcc.a:) .text*)
 .text.register_tm_clones
                0x10000288       0x28 C:/Users/Mypc/.pico-sdk/toolchain/14_2_Rel1/bin/../lib/gcc/arm-none-eabi/14.2.1/thumb/v6-m/nofp/crtbegin.o
 .text.frame_dummy
                0x100002b0       0x24 C:/Users/Mypc/.pico-sdk/toolchain/14_2_Rel1/bin/../lib/gcc/arm-none-eabi/14.2.1/thumb/v6-m/nofp/crtbegin.o
 .text.board_millis
                0x100002d4       0x20 app/CMakeFiles/app_main.dir/main.c.obj
 .text.tuh_mount_cb
                0x100002f4        0x2 app/CMakeFiles/app_main.dir/main.c.obj
                0x100002f4                tuh_mount_cb
 .text.tuh_umount_cb
                0x100002f6        0x2 app/CMakeFiles/app_main.dir/main.c.obj
                0x100002f6                tuh_umount_cb
 .text.led_blinking_task
                0x100002f8       0x3c app/CMakeFiles/app_main.dir/main.c.obj
                0x100002f8                led_blinking_task
 .text.main     0x10000334       0x74 app/CMakeFiles/app_main.dir/main.c.obj
                0x10000334                main
 .text.tusb_time_delay_ms_api
                0x100003a8        0x8 app/CMakeFiles/app_main.dir/main.c.obj
                0x100003a8                tusb_time_delay_ms_api
 .text.tuh_hid_report_received_cb
                0x100003b0        0x2 app/CMakeFiles/app_main.dir/main.c.obj
                0x100003b0                tuh_hid_report_received_cb
 *fill*         0x100003b2        0x2 
 .text.get_dev_ep
                0x100003b4       0x38 app/CMakeFiles/app_main.dir/C_/Users/Mypc/.pico-sdk/sdk/2.2.0/lib/tinyusb/src/portable/raspberrypi/rp2040/hcd_rp2040.c.obj
 .text._next_free_interrupt_ep
                0x100003ec       0x24 app/CMakeFiles/app_main.dir/C_/Users/Mypc/.pico-sdk/sdk/2.2.0/lib/tinyusb/src/portable/raspberrypi/rp2040/hcd_rp2040.c.obj
 .text.hw_xfer_complete
                0x10000410       0x40 app/CMakeFiles/app_main.dir/C_/Users/Mypc/.pico-sdk/sdk/2.2.0/lib/tinyusb/src/portable/raspberrypi/rp2040/hcd_rp2040.c.obj
 .text.hw_trans_complete
                0x10000450       0x40 app/CMakeFiles/app_main.dir/C_/Users/Mypc/.pico-sdk/sdk/2.2.0/lib/tinyusb/src/portable/raspberrypi/rp2040/hcd_rp2040.c.obj
 .text._handle_buff_status_bit
                0x10000490       0x40 app/CMakeFiles/app_main.dir/C_/Users/Mypc/.pico-sdk/sdk/2.2.0/lib/tinyusb/src/portable/raspberrypi/rp2040/hcd_rp2040.c.obj
 .text.hw_handle_buff_status
                0x100004d0       0x68 app/CMakeFiles/app_main.dir/C_/Users/Mypc/.pico-sdk/sdk/2.2.0/lib/tinyusb/src/portable/raspberrypi/rp2040/hcd_rp2040.c.obj
 .text.hcd_rp2040_irq
                0x10000538       0xec app/CMakeFiles/app_main.dir/C_/Users/Mypc/.pico-sdk/sdk/2.2.0/lib/tinyusb/src/portable/raspberrypi/rp2040/hcd_rp2040.c.obj
 .text._hw_endpoint_allocate
                0x10000624       0x8c app/CMakeFiles/app_main.dir/C_/Users/Mypc/.pico-sdk/sdk/2.2.0/lib/tinyusb/src/portable/raspberrypi/rp2040/hcd_rp2040.c.obj
 .text.hcd_init
                0x100006b0       0x70 app/CMakeFiles/app_main.dir/C_/Users/Mypc/.pico-sdk/sdk/2.2.0/lib/tinyusb/src/portable/raspberrypi/rp2040/hcd_rp2040.c.obj
                0x100006b0                hcd_init
 .text.hcd_port_reset
                0x10000720       0x24 app/CMakeFiles/app_main.dir/C_/Users/Mypc/.pico-sdk/sdk/2.2.0/lib/tinyusb/src/portable/raspberrypi/rp2040/hcd_rp2040.c.obj
                0x10000720                hcd_port_reset
 .text.hcd_port_reset_end
                0x10000744        0x2 app/CMakeFiles/app_main.dir/C_/Users/Mypc/.pico-sdk/sdk/2.2.0/lib/tinyusb/src/portable/raspberrypi/rp2040/hcd_rp2040.c.obj
                0x10000744                hcd_port_reset_end
 *fill*         0x10000746        0x2 
 .text.hcd_port_connect_status
                0x10000748       0x38 app/CMakeFiles/app_main.dir/C_/Users/Mypc/.pico-sdk/sdk/2.2.0/lib/tinyusb/src/portable/raspberrypi/rp2040/hcd_rp2040.c.obj
                0x10000748                hcd_port_connect_status
 .text.hcd_port_speed_get
                0x10000780       0x44 app/CMakeFiles/app_main.dir/C_/Users/Mypc/.pico-sdk/sdk/2.2.0/lib/tinyusb/src/portable/raspberrypi/rp2040/hcd_rp2040.c.obj
                0x10000780                hcd_port_speed_get
 .text._hw_endpoint_init
                0x100007c4      0x120 app/CMakeFiles/app_main.dir/C_/Users/Mypc/.pico-sdk/sdk/2.2.0/lib/tinyusb/src/portable/raspberrypi/rp2040/hcd_rp2040.c.obj
 .text.hcd_device_close
                0x100008e4       0x64 app/CMakeFiles/app_main.dir/C_/Users/Mypc/.pico-sdk/sdk/2.2.0/lib/tinyusb/src/portable/raspberrypi/rp2040/hcd_rp2040.c.obj
                0x100008e4                hcd_device_close
 .text.hcd_int_enable
                0x10000948       0x2c app/CMakeFiles/app_main.dir/C_/Users/Mypc/.pico-sdk/sdk/2.2.0/lib/tinyusb/src/portable/raspberrypi/rp2040/hcd_rp2040.c.obj
                0x10000948                hcd_int_enable
 .text.hcd_edpt_open
                0x10000974       0x58 app/CMakeFiles/app_main.dir/C_/Users/Mypc/.pico-sdk/sdk/2.2.0/lib/tinyusb/src/portable/raspberrypi/rp2040/hcd_rp2040.c.obj
                0x10000974                hcd_edpt_open
 .text.hcd_edpt_xfer
                0x100009cc      0x110 app/CMakeFiles/app_main.dir/C_/Users/Mypc/.pico-sdk/sdk/2.2.0/lib/tinyusb/src/portable/raspberrypi/rp2040/hcd_rp2040.c.obj
                0x100009cc                hcd_edpt_xfer
 .text.hcd_edpt_abort_xfer
                0x10000adc        0x4 app/CMakeFiles/app_main.dir/C_/Users/Mypc/.pico-sdk/sdk/2.2.0/lib/tinyusb/src/portable/raspberrypi/rp2040/hcd_rp2040.c.obj
                0x10000adc                hcd_edpt_abort_xfer
 .text.hcd_setup_send
                0x10000ae0       0xd0 app/CMakeFiles/app_main.dir/C_/Users/Mypc/.pico-sdk/sdk/2.2.0/lib/tinyusb/src/portable/raspberrypi/rp2040/hcd_rp2040.c.obj
                0x10000ae0                hcd_setup_send
 .text.unaligned_memcpy
                0x10000bb0       0x14 app/CMakeFiles/app_main.dir/C_/Users/Mypc/.pico-sdk/sdk/2.2.0/lib/tinyusb/src/portable/raspberrypi/rp2040/rp2040_usb.c.obj
 .text.prepare_ep_buffer
                0x10000bc4       0x6c app/CMakeFiles/app_main.dir/C_/Users/Mypc/.pico-sdk/sdk/2.2.0/lib/tinyusb/src/portable/raspberrypi/rp2040/rp2040_usb.c.obj
 .text.sync_ep_buffer
                0x10000c30       0x78 app/CMakeFiles/app_main.dir/C_/Users/Mypc/.pico-sdk/sdk/2.2.0/lib/tinyusb/src/portable/raspberrypi/rp2040/rp2040_usb.c.obj
 .text._hw_endpoint_xfer_sync
                0x10000ca8       0x28 app/CMakeFiles/app_main.dir/C_/Users/Mypc/.pico-sdk/sdk/2.2.0/lib/tinyusb/src/portable/raspberrypi/rp2040/rp2040_usb.c.obj
 .text.rp2040_usb_init
                0x10000cd0       0x50 app/CMakeFiles/app_main.dir/C_/Users/Mypc/.pico-sdk/sdk/2.2.0/lib/tinyusb/src/portable/raspberrypi/rp2040/rp2040_usb.c.obj
                0x10000cd0                rp2040_usb_init
 .text.hw_endpoint_reset_transfer
                0x10000d20        0xc app/CMakeFiles/app_main.dir/C_/Users/Mypc/.pico-sdk/sdk/2.2.0/lib/tinyusb/src/portable/raspberrypi/rp2040/rp2040_usb.c.obj
                0x10000d20                hw_endpoint_reset_transfer
 .text._hw_endpoint_buffer_control_update32
                0x10000d2c       0x4c app/CMakeFiles/app_main.dir/C_/Users/Mypc/.pico-sdk/sdk/2.2.0/lib/tinyusb/src/portable/raspberrypi/rp2040/rp2040_usb.c.obj
                0x10000d2c                _hw_endpoint_buffer_control_update32
 .text.hw_endpoint_start_next_buffer
                0x10000d78       0x7c app/CMakeFiles/app_main.dir/C_/Users/Mypc/.pico-sdk/sdk/2.2.0/lib/tinyusb/src/portable/raspberrypi/rp2040/rp2040_usb.c.obj
                0x10000d78                hw_endpoint_start_next_buffer
 .text.hw_endpoint_xfer_start
                0x10000df4       0x38 app/CMakeFiles/app_main.dir/C_/Users/Mypc/.pico-sdk/sdk/2.2.0/lib/tinyusb/src/portable/raspberrypi/rp2040/rp2040_usb.c.obj
                0x10000df4                hw_endpoint_xfer_start
 .text.hw_endpoint_xfer_continue
                0x10000e2c       0x30 app/CMakeFiles/app_main.dir/C_/Users/Mypc/.pico-sdk/sdk/2.2.0/lib/tinyusb/src/portable/raspberrypi/rp2040/rp2040_usb.c.obj
                0x10000e2c                hw_endpoint_xfer_continue
 .text.get_driver
                0x10000e5c       0x3c app/CMakeFiles/app_main.dir/C_/Users/Mypc/.pico-sdk/sdk/2.2.0/lib/tinyusb/src/host/usbh.c.obj
 .text._control_blocking_complete_cb
                0x10000e98        0x8 app/CMakeFiles/app_main.dir/C_/Users/Mypc/.pico-sdk/sdk/2.2.0/lib/tinyusb/src/host/usbh.c.obj
 .text.get_new_address
                0x10000ea0       0x34 app/CMakeFiles/app_main.dir/C_/Users/Mypc/.pico-sdk/sdk/2.2.0/lib/tinyusb/src/host/usbh.c.obj
 .text.clear_device
                0x10000ed4       0x26 app/CMakeFiles/app_main.dir/C_/Users/Mypc/.pico-sdk/sdk/2.2.0/lib/tinyusb/src/host/usbh.c.obj
 *fill*         0x10000efa        0x2 
 .text.process_removing_device
                0x10000efc      0x13c app/CMakeFiles/app_main.dir/C_/Users/Mypc/.pico-sdk/sdk/2.2.0/lib/tinyusb/src/host/usbh.c.obj
 .text.enum_full_complete
                0x10001038       0x20 app/CMakeFiles/app_main.dir/C_/Users/Mypc/.pico-sdk/sdk/2.2.0/lib/tinyusb/src/host/usbh.c.obj
 .text.tu_print_buf
                0x10001058       0x28 app/CMakeFiles/app_main.dir/C_/Users/Mypc/.pico-sdk/sdk/2.2.0/lib/tinyusb/src/host/usbh.c.obj
 .text._control_xfer_complete
                0x10001080       0x70 app/CMakeFiles/app_main.dir/C_/Users/Mypc/.pico-sdk/sdk/2.2.0/lib/tinyusb/src/host/usbh.c.obj
 .text._parse_configuration_descriptor
                0x100010f0      0x18c app/CMakeFiles/app_main.dir/C_/Users/Mypc/.pico-sdk/sdk/2.2.0/lib/tinyusb/src/host/usbh.c.obj
 .text.tuh_event_hook_cb
                0x1000127c        0x2 app/CMakeFiles/app_main.dir/C_/Users/Mypc/.pico-sdk/sdk/2.2.0/lib/tinyusb/src/host/usbh.c.obj
                0x1000127c                tuh_event_hook_cb
 *fill*         0x1000127e        0x2 
 .text.tuh_speed_get
                0x10001280       0x28 app/CMakeFiles/app_main.dir/C_/Users/Mypc/.pico-sdk/sdk/2.2.0/lib/tinyusb/src/host/usbh.c.obj
                0x10001280                tuh_speed_get
 .text.tuh_rhport_is_active
                0x100012a8       0x14 app/CMakeFiles/app_main.dir/C_/Users/Mypc/.pico-sdk/sdk/2.2.0/lib/tinyusb/src/host/usbh.c.obj
                0x100012a8                tuh_rhport_is_active
 .text.tuh_inited
                0x100012bc       0x14 app/CMakeFiles/app_main.dir/C_/Users/Mypc/.pico-sdk/sdk/2.2.0/lib/tinyusb/src/host/usbh.c.obj
                0x100012bc                tuh_inited
 .text.tuh_rhport_init
                0x100012d0      0x16c app/CMakeFiles/app_main.dir/C_/Users/Mypc/.pico-sdk/sdk/2.2.0/lib/tinyusb/src/host/usbh.c.obj
                0x100012d0                tuh_rhport_init
 .text.tuh_task_event_ready
                0x1000143c       0x20 app/CMakeFiles/app_main.dir/C_/Users/Mypc/.pico-sdk/sdk/2.2.0/lib/tinyusb/src/host/usbh.c.obj
                0x1000143c                tuh_task_event_ready
 .text.usbh_get_rhport
                0x1000145c       0x24 app/CMakeFiles/app_main.dir/C_/Users/Mypc/.pico-sdk/sdk/2.2.0/lib/tinyusb/src/host/usbh.c.obj
                0x1000145c                usbh_get_rhport
 .text.usbh_edpt_control_open
                0x10001480       0x48 app/CMakeFiles/app_main.dir/C_/Users/Mypc/.pico-sdk/sdk/2.2.0/lib/tinyusb/src/host/usbh.c.obj
 .text.tuh_edpt_abort_xfer
                0x100014c8       0xdc app/CMakeFiles/app_main.dir/C_/Users/Mypc/.pico-sdk/sdk/2.2.0/lib/tinyusb/src/host/usbh.c.obj
                0x100014c8                tuh_edpt_abort_xfer
 .text.usbh_control_xfer_cb
                0x100015a4      0x198 app/CMakeFiles/app_main.dir/C_/Users/Mypc/.pico-sdk/sdk/2.2.0/lib/tinyusb/src/host/usbh.c.obj
 .text.usbh_get_enum_buf
                0x1000173c        0x8 app/CMakeFiles/app_main.dir/C_/Users/Mypc/.pico-sdk/sdk/2.2.0/lib/tinyusb/src/host/usbh.c.obj
                0x1000173c                usbh_get_enum_buf
 .text.usbh_edpt_claim
                0x10001744       0x6c app/CMakeFiles/app_main.dir/C_/Users/Mypc/.pico-sdk/sdk/2.2.0/lib/tinyusb/src/host/usbh.c.obj
                0x10001744                usbh_edpt_claim
 .text.usbh_edpt_release
                0x100017b0       0x60 app/CMakeFiles/app_main.dir/C_/Users/Mypc/.pico-sdk/sdk/2.2.0/lib/tinyusb/src/host/usbh.c.obj
                0x100017b0                usbh_edpt_release
 .text.usbh_edpt_xfer_with_callback
                0x10001810       0xd4 app/CMakeFiles/app_main.dir/C_/Users/Mypc/.pico-sdk/sdk/2.2.0/lib/tinyusb/src/host/usbh.c.obj
                0x10001810                usbh_edpt_xfer_with_callback
 .text.tuh_edpt_open
                0x100018e4       0x44 app/CMakeFiles/app_main.dir/C_/Users/Mypc/.pico-sdk/sdk/2.2.0/lib/tinyusb/src/host/usbh.c.obj
                0x100018e4                tuh_edpt_open
 .text.usbh_driver_set_config_complete
                0x10001928       0x80 app/CMakeFiles/app_main.dir/C_/Users/Mypc/.pico-sdk/sdk/2.2.0/lib/tinyusb/src/host/usbh.c.obj
                0x10001928                usbh_driver_set_config_complete
 .text.process_enumeration
                0x100019a8      0x348 app/CMakeFiles/app_main.dir/C_/Users/Mypc/.pico-sdk/sdk/2.2.0/lib/tinyusb/src/host/usbh.c.obj
 .text.enum_new_device
                0x10001cf0       0xcc app/CMakeFiles/app_main.dir/C_/Users/Mypc/.pico-sdk/sdk/2.2.0/lib/tinyusb/src/host/usbh.c.obj
 .text.tuh_task_ext
                0x10001dbc      0x250 app/CMakeFiles/app_main.dir/C_/Users/Mypc/.pico-sdk/sdk/2.2.0/lib/tinyusb/src/host/usbh.c.obj
                0x10001dbc                tuh_task_ext
 .text.tuh_control_xfer
                0x1000200c      0x1a0 app/CMakeFiles/app_main.dir/C_/Users/Mypc/.pico-sdk/sdk/2.2.0/lib/tinyusb/src/host/usbh.c.obj
                0x1000200c                tuh_control_xfer
 .text.enum_request_set_addr
                0x100021ac       0xe4 app/CMakeFiles/app_main.dir/C_/Users/Mypc/.pico-sdk/sdk/2.2.0/lib/tinyusb/src/host/usbh.c.obj
 .text._get_descriptor
                0x10002290       0x66 app/CMakeFiles/app_main.dir/C_/Users/Mypc/.pico-sdk/sdk/2.2.0/lib/tinyusb/src/host/usbh.c.obj
 .text.tuh_descriptor_get
                0x100022f6       0x1e app/CMakeFiles/app_main.dir/C_/Users/Mypc/.pico-sdk/sdk/2.2.0/lib/tinyusb/src/host/usbh.c.obj
                0x100022f6                tuh_descriptor_get
 .text.tuh_descriptor_get_device
                0x10002314       0x24 app/CMakeFiles/app_main.dir/C_/Users/Mypc/.pico-sdk/sdk/2.2.0/lib/tinyusb/src/host/usbh.c.obj
                0x10002314                tuh_descriptor_get_device
 .text.tuh_descriptor_get_configuration
                0x10002338       0x1c app/CMakeFiles/app_main.dir/C_/Users/Mypc/.pico-sdk/sdk/2.2.0/lib/tinyusb/src/host/usbh.c.obj
                0x10002338                tuh_descriptor_get_configuration
 .text.tuh_descriptor_get_hid_report
                0x10002354       0x88 app/CMakeFiles/app_main.dir/C_/Users/Mypc/.pico-sdk/sdk/2.2.0/lib/tinyusb/src/host/usbh.c.obj
                0x10002354                tuh_descriptor_get_hid_report
 .text.tuh_configuration_set
                0x100023dc       0x64 app/CMakeFiles/app_main.dir/C_/Users/Mypc/.pico-sdk/sdk/2.2.0/lib/tinyusb/src/host/usbh.c.obj
                0x100023dc                tuh_configuration_set
 .text.connection_port_reset_complete
                0x10002440       0x4c app/CMakeFiles/app_main.dir/C_/Users/Mypc/.pico-sdk/sdk/2.2.0/lib/tinyusb/src/host/hub.c.obj
 .text.hub_port_clear_feature
                0x1000248c       0xa4 app/CMakeFiles/app_main.dir/C_/Users/Mypc/.pico-sdk/sdk/2.2.0/lib/tinyusb/src/host/hub.c.obj
                0x1000248c                hub_port_clear_feature
 .text.hub_get_status_complete
                0x10002530       0x9c app/CMakeFiles/app_main.dir/C_/Users/Mypc/.pico-sdk/sdk/2.2.0/lib/tinyusb/src/host/hub.c.obj
 .text.hub_port_set_feature
                0x100025cc       0xa4 app/CMakeFiles/app_main.dir/C_/Users/Mypc/.pico-sdk/sdk/2.2.0/lib/tinyusb/src/host/hub.c.obj
                0x100025cc                hub_port_set_feature
 .text.config_set_port_power
                0x10002670       0x50 app/CMakeFiles/app_main.dir/C_/Users/Mypc/.pico-sdk/sdk/2.2.0/lib/tinyusb/src/host/hub.c.obj
 .text.config_port_power_complete
                0x100026c0       0x94 app/CMakeFiles/app_main.dir/C_/Users/Mypc/.pico-sdk/sdk/2.2.0/lib/tinyusb/src/host/hub.c.obj
 .text.connection_clear_conn_change_complete
                0x10002754       0x78 app/CMakeFiles/app_main.dir/C_/Users/Mypc/.pico-sdk/sdk/2.2.0/lib/tinyusb/src/host/hub.c.obj
 .text.hub_port_get_status
                0x100027cc       0x84 app/CMakeFiles/app_main.dir/C_/Users/Mypc/.pico-sdk/sdk/2.2.0/lib/tinyusb/src/host/hub.c.obj
                0x100027cc                hub_port_get_status
 .text.hub_init
                0x10002850       0x14 app/CMakeFiles/app_main.dir/C_/Users/Mypc/.pico-sdk/sdk/2.2.0/lib/tinyusb/src/host/hub.c.obj
                0x10002850                hub_init
 .text.hub_deinit
                0x10002864        0x4 app/CMakeFiles/app_main.dir/C_/Users/Mypc/.pico-sdk/sdk/2.2.0/lib/tinyusb/src/host/hub.c.obj
                0x10002864                hub_deinit
 .text.hub_open
                0x10002868       0x90 app/CMakeFiles/app_main.dir/C_/Users/Mypc/.pico-sdk/sdk/2.2.0/lib/tinyusb/src/host/hub.c.obj
                0x10002868                hub_open
 .text.hub_close
                0x100028f8       0x34 app/CMakeFiles/app_main.dir/C_/Users/Mypc/.pico-sdk/sdk/2.2.0/lib/tinyusb/src/host/hub.c.obj
                0x100028f8                hub_close
 .text.hub_edpt_status_xfer
                0x1000292c       0x24 app/CMakeFiles/app_main.dir/C_/Users/Mypc/.pico-sdk/sdk/2.2.0/lib/tinyusb/src/host/hub.c.obj
                0x1000292c                hub_edpt_status_xfer
 .text.hub_port_get_status_complete
                0x10002950       0xa0 app/CMakeFiles/app_main.dir/C_/Users/Mypc/.pico-sdk/sdk/2.2.0/lib/tinyusb/src/host/hub.c.obj
 .text.hub_clear_feature_complete_stub
                0x100029f0       0x28 app/CMakeFiles/app_main.dir/C_/Users/Mypc/.pico-sdk/sdk/2.2.0/lib/tinyusb/src/host/hub.c.obj
 .text.hub_set_config
                0x10002a18       0x78 app/CMakeFiles/app_main.dir/C_/Users/Mypc/.pico-sdk/sdk/2.2.0/lib/tinyusb/src/host/hub.c.obj
                0x10002a18                hub_set_config
 .text.hub_xfer_cb
                0x10002a90       0xb4 app/CMakeFiles/app_main.dir/C_/Users/Mypc/.pico-sdk/sdk/2.2.0/lib/tinyusb/src/host/hub.c.obj
                0x10002a90                hub_xfer_cb
 .text.get_idx_by_epaddr
                0x10002b44       0x48 app/CMakeFiles/app_main.dir/C_/Users/Mypc/.pico-sdk/sdk/2.2.0/lib/tinyusb/src/class/hid/hid_host.c.obj
 .text.find_new_itf
                0x10002b8c       0x28 app/CMakeFiles/app_main.dir/C_/Users/Mypc/.pico-sdk/sdk/2.2.0/lib/tinyusb/src/class/hid/hid_host.c.obj
 .text._hidh_set_protocol
                0x10002bb4       0x78 app/CMakeFiles/app_main.dir/C_/Users/Mypc/.pico-sdk/sdk/2.2.0/lib/tinyusb/src/class/hid/hid_host.c.obj
 .text._hidh_set_idle
                0x10002c2c       0x74 app/CMakeFiles/app_main.dir/C_/Users/Mypc/.pico-sdk/sdk/2.2.0/lib/tinyusb/src/class/hid/hid_host.c.obj
 .text.config_driver_mount_complete
                0x10002ca0       0x54 app/CMakeFiles/app_main.dir/C_/Users/Mypc/.pico-sdk/sdk/2.2.0/lib/tinyusb/src/class/hid/hid_host.c.obj
 .text.tuh_hid_itf_get_index
                0x10002cf4       0x38 app/CMakeFiles/app_main.dir/C_/Users/Mypc/.pico-sdk/sdk/2.2.0/lib/tinyusb/src/class/hid/hid_host.c.obj
                0x10002cf4                tuh_hid_itf_get_index
 .text.process_set_config
                0x10002d2c      0x12c app/CMakeFiles/app_main.dir/C_/Users/Mypc/.pico-sdk/sdk/2.2.0/lib/tinyusb/src/class/hid/hid_host.c.obj
 .text.hidh_init
                0x10002e58       0x20 app/CMakeFiles/app_main.dir/C_/Users/Mypc/.pico-sdk/sdk/2.2.0/lib/tinyusb/src/class/hid/hid_host.c.obj
                0x10002e58                hidh_init
 .text.hidh_deinit
                0x10002e78        0x4 app/CMakeFiles/app_main.dir/C_/Users/Mypc/.pico-sdk/sdk/2.2.0/lib/tinyusb/src/class/hid/hid_host.c.obj
                0x10002e78                hidh_deinit
 .text.hidh_xfer_cb
                0x10002e7c       0x8c app/CMakeFiles/app_main.dir/C_/Users/Mypc/.pico-sdk/sdk/2.2.0/lib/tinyusb/src/class/hid/hid_host.c.obj
                0x10002e7c                hidh_xfer_cb
 .text.hidh_close
                0x10002f08       0x54 app/CMakeFiles/app_main.dir/C_/Users/Mypc/.pico-sdk/sdk/2.2.0/lib/tinyusb/src/class/hid/hid_host.c.obj
                0x10002f08                hidh_close
 .text.hidh_open
                0x10002f5c      0x144 app/CMakeFiles/app_main.dir/C_/Users/Mypc/.pico-sdk/sdk/2.2.0/lib/tinyusb/src/class/hid/hid_host.c.obj
                0x10002f5c                hidh_open
 .text.hidh_set_config
                0x100030a0       0x20 app/CMakeFiles/app_main.dir/C_/Users/Mypc/.pico-sdk/sdk/2.2.0/lib/tinyusb/src/class/hid/hid_host.c.obj
                0x100030a0                hidh_set_config
 .text.config_read_capacity_complete
                0x100030c0       0x80 app/CMakeFiles/app_main.dir/C_/Users/Mypc/.pico-sdk/sdk/2.2.0/lib/tinyusb/src/class/msc/msc_host.c.obj
 .text.tuh_msc_get_block_count
                0x10003140       0x18 app/CMakeFiles/app_main.dir/C_/Users/Mypc/.pico-sdk/sdk/2.2.0/lib/tinyusb/src/class/msc/msc_host.c.obj
                0x10003140                tuh_msc_get_block_count
 .text.tuh_msc_get_block_size
                0x10003158       0x18 app/CMakeFiles/app_main.dir/C_/Users/Mypc/.pico-sdk/sdk/2.2.0/lib/tinyusb/src/class/msc/msc_host.c.obj
                0x10003158                tuh_msc_get_block_size
 .text.tuh_msc_mounted
                0x10003170       0x14 app/CMakeFiles/app_main.dir/C_/Users/Mypc/.pico-sdk/sdk/2.2.0/lib/tinyusb/src/class/msc/msc_host.c.obj
                0x10003170                tuh_msc_mounted
 .text.tuh_msc_scsi_command
                0x10003184       0x90 app/CMakeFiles/app_main.dir/C_/Users/Mypc/.pico-sdk/sdk/2.2.0/lib/tinyusb/src/class/msc/msc_host.c.obj
                0x10003184                tuh_msc_scsi_command
 .text.tuh_msc_read_capacity
                0x10003214       0x68 app/CMakeFiles/app_main.dir/C_/Users/Mypc/.pico-sdk/sdk/2.2.0/lib/tinyusb/src/class/msc/msc_host.c.obj
                0x10003214                tuh_msc_read_capacity
 .text.tuh_msc_inquiry
                0x1000327c       0x84 app/CMakeFiles/app_main.dir/C_/Users/Mypc/.pico-sdk/sdk/2.2.0/lib/tinyusb/src/class/msc/msc_host.c.obj
                0x1000327c                tuh_msc_inquiry
 .text.tuh_msc_test_unit_ready
                0x10003300       0x5c app/CMakeFiles/app_main.dir/C_/Users/Mypc/.pico-sdk/sdk/2.2.0/lib/tinyusb/src/class/msc/msc_host.c.obj
                0x10003300                tuh_msc_test_unit_ready
 .text.config_get_maxlun_complete
                0x1000335c       0x60 app/CMakeFiles/app_main.dir/C_/Users/Mypc/.pico-sdk/sdk/2.2.0/lib/tinyusb/src/class/msc/msc_host.c.obj
 .text.config_request_sense_complete
                0x100033bc       0x48 app/CMakeFiles/app_main.dir/C_/Users/Mypc/.pico-sdk/sdk/2.2.0/lib/tinyusb/src/class/msc/msc_host.c.obj
 .text.tuh_msc_request_sense
                0x10003404       0x74 app/CMakeFiles/app_main.dir/C_/Users/Mypc/.pico-sdk/sdk/2.2.0/lib/tinyusb/src/class/msc/msc_host.c.obj
                0x10003404                tuh_msc_request_sense
 .text.config_test_unit_ready_complete
                0x10003478       0x74 app/CMakeFiles/app_main.dir/C_/Users/Mypc/.pico-sdk/sdk/2.2.0/lib/tinyusb/src/class/msc/msc_host.c.obj
 .text.tuh_msc_read10
                0x100034ec       0xcc app/CMakeFiles/app_main.dir/C_/Users/Mypc/.pico-sdk/sdk/2.2.0/lib/tinyusb/src/class/msc/msc_host.c.obj
                0x100034ec                tuh_msc_read10
 .text.tuh_msc_write10
                0x100035b8       0xc8 app/CMakeFiles/app_main.dir/C_/Users/Mypc/.pico-sdk/sdk/2.2.0/lib/tinyusb/src/class/msc/msc_host.c.obj
                0x100035b8                tuh_msc_write10
 .text.msch_init
                0x10003680       0x2c app/CMakeFiles/app_main.dir/C_/Users/Mypc/.pico-sdk/sdk/2.2.0/lib/tinyusb/src/class/msc/msc_host.c.obj
                0x10003680                msch_init
 .text.msch_deinit
                0x100036ac        0x4 app/CMakeFiles/app_main.dir/C_/Users/Mypc/.pico-sdk/sdk/2.2.0/lib/tinyusb/src/class/msc/msc_host.c.obj
                0x100036ac                msch_deinit
 .text.msch_close
                0x100036b0       0x54 app/CMakeFiles/app_main.dir/C_/Users/Mypc/.pico-sdk/sdk/2.2.0/lib/tinyusb/src/class/msc/msc_host.c.obj
                0x100036b0                msch_close
 .text.msch_xfer_cb
                0x10003704      0x130 app/CMakeFiles/app_main.dir/C_/Users/Mypc/.pico-sdk/sdk/2.2.0/lib/tinyusb/src/class/msc/msc_host.c.obj
                0x10003704                msch_xfer_cb
 .text.msch_open
                0x10003834       0xd8 app/CMakeFiles/app_main.dir/C_/Users/Mypc/.pico-sdk/sdk/2.2.0/lib/tinyusb/src/class/msc/msc_host.c.obj
                0x10003834                msch_open
 .text.msch_set_config
                0x1000390c       0xb4 app/CMakeFiles/app_main.dir/C_/Users/Mypc/.pico-sdk/sdk/2.2.0/lib/tinyusb/src/class/msc/msc_host.c.obj
                0x1000390c                msch_set_config
 .text.dump_str_line
                0x100039c0       0x40 app/CMakeFiles/app_main.dir/C_/Users/Mypc/.pico-sdk/sdk/2.2.0/lib/tinyusb/src/tusb.c.obj
 .text.tusb_rhport_init
                0x10003a00       0x78 app/CMakeFiles/app_main.dir/C_/Users/Mypc/.pico-sdk/sdk/2.2.0/lib/tinyusb/src/tusb.c.obj
                0x10003a00                tusb_rhport_init
 .text.tu_edpt_claim
                0x10003a78       0x50 app/CMakeFiles/app_main.dir/C_/Users/Mypc/.pico-sdk/sdk/2.2.0/lib/tinyusb/src/tusb.c.obj
                0x10003a78                tu_edpt_claim
 .text.tu_edpt_release
                0x10003ac8       0x38 app/CMakeFiles/app_main.dir/C_/Users/Mypc/.pico-sdk/sdk/2.2.0/lib/tinyusb/src/tusb.c.obj
                0x10003ac8                tu_edpt_release
 .text.tu_edpt_validate
                0x10003b00       0xbc app/CMakeFiles/app_main.dir/C_/Users/Mypc/.pico-sdk/sdk/2.2.0/lib/tinyusb/src/tusb.c.obj
                0x10003b00                tu_edpt_validate
 .text.tu_edpt_bind_driver
                0x10003bbc       0x44 app/CMakeFiles/app_main.dir/C_/Users/Mypc/.pico-sdk/sdk/2.2.0/lib/tinyusb/src/tusb.c.obj
                0x10003bbc                tu_edpt_bind_driver
 .text.tu_desc_get_interface_total_len
                0x10003c00       0x42 app/CMakeFiles/app_main.dir/C_/Users/Mypc/.pico-sdk/sdk/2.2.0/lib/tinyusb/src/tusb.c.obj
                0x10003c00                tu_desc_get_interface_total_len
 *fill*         0x10003c42        0x2 
 .text.tu_print_mem
                0x10003c44       0xd0 app/CMakeFiles/app_main.dir/C_/Users/Mypc/.pico-sdk/sdk/2.2.0/lib/tinyusb/src/tusb.c.obj
                0x10003c44                tu_print_mem
 .text.advance_index
                0x10003d14       0x1a app/CMakeFiles/app_main.dir/C_/Users/Mypc/.pico-sdk/sdk/2.2.0/lib/tinyusb/src/common/tusb_fifo.c.obj
 .text._tu_fifo_peek
                0x10003d2e       0x56 app/CMakeFiles/app_main.dir/C_/Users/Mypc/.pico-sdk/sdk/2.2.0/lib/tinyusb/src/common/tusb_fifo.c.obj
 .text.tu_fifo_empty
                0x10003d84        0xe app/CMakeFiles/app_main.dir/C_/Users/Mypc/.pico-sdk/sdk/2.2.0/lib/tinyusb/src/common/tusb_fifo.c.obj
                0x10003d84                tu_fifo_empty
 .text.tu_fifo_full
                0x10003d92       0x2a app/CMakeFiles/app_main.dir/C_/Users/Mypc/.pico-sdk/sdk/2.2.0/lib/tinyusb/src/common/tusb_fifo.c.obj
                0x10003d92                tu_fifo_full
 .text.tu_fifo_read
                0x10003dbc       0x42 app/CMakeFiles/app_main.dir/C_/Users/Mypc/.pico-sdk/sdk/2.2.0/lib/tinyusb/src/common/tusb_fifo.c.obj
                0x10003dbc                tu_fifo_read
 .text.tu_fifo_write
                0x10003dfe       0x64 app/CMakeFiles/app_main.dir/C_/Users/Mypc/.pico-sdk/sdk/2.2.0/lib/tinyusb/src/common/tusb_fifo.c.obj
                0x10003dfe                tu_fifo_write
 .text.tu_fifo_clear
                0x10003e62       0x3e app/CMakeFiles/app_main.dir/C_/Users/Mypc/.pico-sdk/sdk/2.2.0/lib/tinyusb/src/common/tusb_fifo.c.obj
                0x10003e62                tu_fifo_clear
 .text.set_raw_irq_handler_and_unlock
                0x10003ea0       0x28 app/CMakeFiles/app_main.dir/C_/Users/Mypc/.pico-sdk/sdk/2.2.0/src/rp2_common/hardware_irq/irq.c.obj
 .text.nvic_ipr0
                0x10003ec8        0x8 app/CMakeFiles/app_main.dir/C_/Users/Mypc/.pico-sdk/sdk/2.2.0/src/rp2_common/hardware_irq/irq.c.obj
 .text.runtime_init_per_core_irq_priorities
                0x10003ed0       0x1c app/CMakeFiles/app_main.dir/C_/Users/Mypc/.pico-sdk/sdk/2.2.0/src/rp2_common/hardware_irq/irq.c.obj
                0x10003ed0                runtime_init_per_core_irq_priorities
 .text.resolve_j_16
                0x10003eec       0x30 app/CMakeFiles/app_main.dir/C_/Users/Mypc/.pico-sdk/sdk/2.2.0/src/rp2_common/hardware_irq/irq.c.obj
 .text.make_j_16
                0x10003f1c       0x48 app/CMakeFiles/app_main.dir/C_/Users/Mypc/.pico-sdk/sdk/2.2.0/src/rp2_common/hardware_irq/irq.c.obj
 .text.insert_bl_32
                0x10003f64       0x40 app/CMakeFiles/app_main.dir/C_/Users/Mypc/.pico-sdk/sdk/2.2.0/src/rp2_common/hardware_irq/irq.c.obj
 .text.irq_is_enabled
                0x10003fa4       0x18 app/CMakeFiles/app_main.dir/C_/Users/Mypc/.pico-sdk/sdk/2.2.0/src/rp2_common/hardware_irq/irq.c.obj
                0x10003fa4                irq_is_enabled
 .text.irq_set_mask_n_enabled
                0x10003fbc       0x1c app/CMakeFiles/app_main.dir/C_/Users/Mypc/.pico-sdk/sdk/2.2.0/src/rp2_common/hardware_irq/irq.c.obj
                0x10003fbc                irq_set_mask_n_enabled
 .text.irq_set_enabled
                0x10003fd8       0x14 app/CMakeFiles/app_main.dir/C_/Users/Mypc/.pico-sdk/sdk/2.2.0/src/rp2_common/hardware_irq/irq.c.obj
                0x10003fd8                irq_set_enabled
 .text.irq_get_vtable_handler
                0x10003fec       0x10 app/CMakeFiles/app_main.dir/C_/Users/Mypc/.pico-sdk/sdk/2.2.0/src/rp2_common/hardware_irq/irq.c.obj
                0x10003fec                irq_get_vtable_handler
 .text.irq_has_handler
                0x10003ffc       0x20 app/CMakeFiles/app_main.dir/C_/Users/Mypc/.pico-sdk/sdk/2.2.0/src/rp2_common/hardware_irq/irq.c.obj
                0x10003ffc                irq_has_handler
 .text.irq_set_exclusive_handler
                0x1000401c       0x54 app/CMakeFiles/app_main.dir/C_/Users/Mypc/.pico-sdk/sdk/2.2.0/src/rp2_common/hardware_irq/irq.c.obj
                0x1000401c                irq_set_exclusive_handler
 .text.irq_add_shared_handler
                0x10004070      0x218 app/CMakeFiles/app_main.dir/C_/Users/Mypc/.pico-sdk/sdk/2.2.0/src/rp2_common/hardware_irq/irq.c.obj
                0x10004070                irq_add_shared_handler
 .text.irq_remove_handler
                0x10004288      0x18c app/CMakeFiles/app_main.dir/C_/Users/Mypc/.pico-sdk/sdk/2.2.0/src/rp2_common/hardware_irq/irq.c.obj
                0x10004288                irq_remove_handler
 .text.irq_add_tail_to_free_list
                0x10004414       0xf4 app/CMakeFiles/app_main.dir/C_/Users/Mypc/.pico-sdk/sdk/2.2.0/src/rp2_common/hardware_irq/irq.c.obj
                0x10004414                irq_add_tail_to_free_list
 .text.panic    0x10004508       0x30 app/CMakeFiles/app_main.dir/C_/Users/Mypc/.pico-sdk/sdk/2.2.0/src/rp2_common/pico_platform_panic/panic.c.obj
                0x10004508                panic
 .text.hw_claim_lock
                0x10004538       0x18 app/CMakeFiles/app_main.dir/C_/Users/Mypc/.pico-sdk/sdk/2.2.0/src/common/hardware_claim/claim.c.obj
                0x10004538                hw_claim_lock
 .text.hw_claim_unlock
                0x10004550       0x14 app/CMakeFiles/app_main.dir/C_/Users/Mypc/.pico-sdk/sdk/2.2.0/src/common/hardware_claim/claim.c.obj
                0x10004550                hw_claim_unlock
 .text.hw_claim_or_assert
                0x10004564       0x32 app/CMakeFiles/app_main.dir/C_/Users/Mypc/.pico-sdk/sdk/2.2.0/src/common/hardware_claim/claim.c.obj
                0x10004564                hw_claim_or_assert
 .text.hw_claim_unused_from_range
                0x10004596       0x50 app/CMakeFiles/app_main.dir/C_/Users/Mypc/.pico-sdk/sdk/2.2.0/src/common/hardware_claim/claim.c.obj
                0x10004596                hw_claim_unused_from_range
 *fill*         0x100045e6        0x2 
 .text.next_striped_spin_lock_num
                0x100045e8       0x1c app/CMakeFiles/app_main.dir/C_/Users/Mypc/.pico-sdk/sdk/2.2.0/src/rp2_common/hardware_sync/sync.c.obj
                0x100045e8                next_striped_spin_lock_num
 .text.spin_lock_claim_unused
                0x10004604       0x24 app/CMakeFiles/app_main.dir/C_/Users/Mypc/.pico-sdk/sdk/2.2.0/src/rp2_common/hardware_sync/sync.c.obj
                0x10004604                spin_lock_claim_unused
 .text.spin_locks_reset
                0x10004628       0x20 app/CMakeFiles/app_main.dir/C_/Users/Mypc/.pico-sdk/sdk/2.2.0/src/rp2_common/hardware_sync_spin_lock/sync_spin_lock.c.obj
                0x10004628                spin_locks_reset
 .text.lock_init
                0x10004648       0x10 app/CMakeFiles/app_main.dir/C_/Users/Mypc/.pico-sdk/sdk/2.2.0/src/common/pico_sync/lock_core.c.obj
                0x10004648                lock_init
 .text.mutex_init
                0x10004658       0x1a app/CMakeFiles/app_main.dir/C_/Users/Mypc/.pico-sdk/sdk/2.2.0/src/common/pico_sync/mutex.c.obj
                0x10004658                mutex_init
 .text.recursive_mutex_init
                0x10004672       0x1e app/CMakeFiles/app_main.dir/C_/Users/Mypc/.pico-sdk/sdk/2.2.0/src/common/pico_sync/mutex.c.obj
                0x10004672                recursive_mutex_init
 .text.runtime_init_mutex
                0x10004690       0x4c app/CMakeFiles/app_main.dir/C_/Users/Mypc/.pico-sdk/sdk/2.2.0/src/common/pico_sync/mutex.c.obj
                0x10004690                runtime_init_mutex
 .text.critical_section_init_with_lock_num
                0x100046dc       0x14 app/CMakeFiles/app_main.dir/C_/Users/Mypc/.pico-sdk/sdk/2.2.0/src/common/pico_sync/critical_section.c.obj
                0x100046dc                critical_section_init_with_lock_num
 .text.critical_section_init
                0x100046f0       0x14 app/CMakeFiles/app_main.dir/C_/Users/Mypc/.pico-sdk/sdk/2.2.0/src/common/pico_sync/critical_section.c.obj
                0x100046f0                critical_section_init
 .text.ta_set_timeout
                0x10004704       0x24 app/CMakeFiles/app_main.dir/C_/Users/Mypc/.pico-sdk/sdk/2.2.0/src/common/pico_time/time.c.obj
 .text.make_alarm_id
                0x10004728        0x6 app/CMakeFiles/app_main.dir/C_/Users/Mypc/.pico-sdk/sdk/2.2.0/src/common/pico_time/time.c.obj
 *fill*         0x1000472e        0x2 
 .text.sleep_until_callback
                0x10004730       0x30 app/CMakeFiles/app_main.dir/C_/Users/Mypc/.pico-sdk/sdk/2.2.0/src/common/pico_time/time.c.obj
 .text.alarm_pool_irq_handler
                0x10004760      0x2f0 app/CMakeFiles/app_main.dir/C_/Users/Mypc/.pico-sdk/sdk/2.2.0/src/common/pico_time/time.c.obj
 .text.ta_enable_irq_handler
                0x10004a50       0x2c app/CMakeFiles/app_main.dir/C_/Users/Mypc/.pico-sdk/sdk/2.2.0/src/common/pico_time/time.c.obj
 .text.alarm_pool_post_alloc_init
                0x10004a7c       0x78 app/CMakeFiles/app_main.dir/C_/Users/Mypc/.pico-sdk/sdk/2.2.0/src/common/pico_time/time.c.obj
 .text.alarm_pool_get_default
                0x10004af4       0x2c app/CMakeFiles/app_main.dir/C_/Users/Mypc/.pico-sdk/sdk/2.2.0/src/common/pico_time/time.c.obj
                0x10004af4                alarm_pool_get_default
 .text.alarm_pool_add_alarm_at_force_in_context
                0x10004b20       0xa4 app/CMakeFiles/app_main.dir/C_/Users/Mypc/.pico-sdk/sdk/2.2.0/src/common/pico_time/time.c.obj
                0x10004b20                alarm_pool_add_alarm_at_force_in_context
 .text.alarm_pool_add_alarm_at
                0x10004bc4       0x3c app/CMakeFiles/app_main.dir/C_/Users/Mypc/.pico-sdk/sdk/2.2.0/src/common/pico_time/time.c.obj
                0x10004bc4                alarm_pool_add_alarm_at
 .text.add_alarm_at
                0x10004c00       0x2e app/CMakeFiles/app_main.dir/C_/Users/Mypc/.pico-sdk/sdk/2.2.0/src/common/pico_time/time.c.obj
 *fill*         0x10004c2e        0x2 
 .text.alarm_pool_cancel_alarm
                0x10004c30       0x78 app/CMakeFiles/app_main.dir/C_/Users/Mypc/.pico-sdk/sdk/2.2.0/src/common/pico_time/time.c.obj
                0x10004c30                alarm_pool_cancel_alarm
 .text.cancel_alarm
                0x10004ca8       0x10 app/CMakeFiles/app_main.dir/C_/Users/Mypc/.pico-sdk/sdk/2.2.0/src/common/pico_time/time.c.obj
 .text.sleep_until
                0x10004cb8       0xb0 app/CMakeFiles/app_main.dir/C_/Users/Mypc/.pico-sdk/sdk/2.2.0/src/common/pico_time/time.c.obj
                0x10004cb8                sleep_until
 .text.sleep_us
                0x10004d68       0x24 app/CMakeFiles/app_main.dir/C_/Users/Mypc/.pico-sdk/sdk/2.2.0/src/common/pico_time/time.c.obj
                0x10004d68                sleep_us
 .text.sleep_ms
                0x10004d8c       0x14 app/CMakeFiles/app_main.dir/C_/Users/Mypc/.pico-sdk/sdk/2.2.0/src/common/pico_time/time.c.obj
                0x10004d8c                sleep_ms
 .text.best_effort_wfe_or_timeout
                0x10004da0      0x11c app/CMakeFiles/app_main.dir/C_/Users/Mypc/.pico-sdk/sdk/2.2.0/src/common/pico_time/time.c.obj
                0x10004da0                best_effort_wfe_or_timeout
 .text.alarm_pool_get_default_timer
                0x10004ebc        0x8 app/CMakeFiles/app_main.dir/C_/Users/Mypc/.pico-sdk/sdk/2.2.0/src/common/pico_time/time.c.obj
                0x10004ebc                alarm_pool_get_default_timer
 .text.runtime_init_default_alarm_pool
                0x10004ec4       0x38 app/CMakeFiles/app_main.dir/C_/Users/Mypc/.pico-sdk/sdk/2.2.0/src/common/pico_time/time.c.obj
                0x10004ec4                runtime_init_default_alarm_pool
 .text.timer_hardware_alarm_claim
                0x10004efc       0x14 app/CMakeFiles/app_main.dir/C_/Users/Mypc/.pico-sdk/sdk/2.2.0/src/rp2_common/hardware_timer/timer.c.obj
                0x10004efc                timer_hardware_alarm_claim
 .text.timer_time_us_64
                0x10004f10       0x10 app/CMakeFiles/app_main.dir/C_/Users/Mypc/.pico-sdk/sdk/2.2.0/src/rp2_common/hardware_timer/timer.c.obj
                0x10004f10                timer_time_us_64
 .text.timer_busy_wait_until
                0x10004f20       0x1a app/CMakeFiles/app_main.dir/C_/Users/Mypc/.pico-sdk/sdk/2.2.0/src/rp2_common/hardware_timer/timer.c.obj
                0x10004f20                timer_busy_wait_until
 .text.timer_busy_wait_us
                0x10004f3a       0x38 app/CMakeFiles/app_main.dir/C_/Users/Mypc/.pico-sdk/sdk/2.2.0/src/rp2_common/hardware_timer/timer.c.obj
                0x10004f3a                timer_busy_wait_us
 *fill*         0x10004f72        0x2 
 .text.time_us_64
                0x10004f74       0x10 app/CMakeFiles/app_main.dir/C_/Users/Mypc/.pico-sdk/sdk/2.2.0/src/rp2_common/hardware_timer/timer.c.obj
                0x10004f74                time_us_64
 .text.busy_wait_us
                0x10004f84       0x14 app/CMakeFiles/app_main.dir/C_/Users/Mypc/.pico-sdk/sdk/2.2.0/src/rp2_common/hardware_timer/timer.c.obj
                0x10004f84                busy_wait_us
 .text.busy_wait_until
                0x10004f98       0x14 app/CMakeFiles/app_main.dir/C_/Users/Mypc/.pico-sdk/sdk/2.2.0/src/rp2_common/hardware_timer/timer.c.obj
                0x10004f98                busy_wait_until
 .text.board_init
                0x10004fac       0x14 app/CMakeFiles/app_main.dir/C_/Users/Mypc/.pico-sdk/sdk/2.2.0/lib/tinyusb/hw/bsp/rp2040/family.c.obj
                0x10004fac                board_init
 .text.board_led_write
                0x10004fc0       0x1c app/CMakeFiles/app_main.dir/C_/Users/Mypc/.pico-sdk/sdk/2.2.0/lib/tinyusb/hw/bsp/rp2040/family.c.obj
                0x10004fc0                board_led_write
 .text.board_getchar
                0x10004fdc        0xa app/CMakeFiles/app_main.dir/C_/Users/Mypc/.pico-sdk/sdk/2.2.0/lib/tinyusb/hw/bsp/rp2040/family.c.obj
                0x10004fdc                board_getchar
 *fill*         0x10004fe6        0x2 
 .text._retrieve_unique_id_on_boot
                0x10004fe8       0x10 app/CMakeFiles/app_main.dir/C_/Users/Mypc/.pico-sdk/sdk/2.2.0/src/rp2_common/pico_unique_id/unique_id.c.obj
 .text.flash_get_unique_id
                0x10004ff8       0x40 app/CMakeFiles/app_main.dir/C_/Users/Mypc/.pico-sdk/sdk/2.2.0/src/rp2_common/hardware_flash/flash.c.obj
                0x10004ff8                flash_get_unique_id
 .text.rom_func_lookup
                0x10005038       0x10 app/CMakeFiles/app_main.dir/C_/Users/Mypc/.pico-sdk/sdk/2.2.0/src/rp2_common/pico_bootrom/bootrom.c.obj
                0x10005038                rom_func_lookup
 .text.rom_data_lookup
                0x10005048       0x10 app/CMakeFiles/app_main.dir/C_/Users/Mypc/.pico-sdk/sdk/2.2.0/src/rp2_common/pico_bootrom/bootrom.c.obj
                0x10005048                rom_data_lookup
 .text.rom_funcs_lookup
                0x10005058       0x36 app/CMakeFiles/app_main.dir/C_/Users/Mypc/.pico-sdk/sdk/2.2.0/src/rp2_common/pico_bootrom/bootrom.c.obj
                0x10005058                rom_funcs_lookup
 *fill*         0x1000508e        0x2 
 .text.clock_configure_internal
                0x10005090       0xc4 app/CMakeFiles/app_main.dir/C_/Users/Mypc/.pico-sdk/sdk/2.2.0/src/rp2_common/hardware_clocks/clocks.c.obj
 .text.clock_configure_int_divider
                0x10005154       0x28 app/CMakeFiles/app_main.dir/C_/Users/Mypc/.pico-sdk/sdk/2.2.0/src/rp2_common/hardware_clocks/clocks.c.obj
                0x10005154                clock_configure_int_divider
 .text.clock_configure_undivided
                0x1000517c       0x12 app/CMakeFiles/app_main.dir/C_/Users/Mypc/.pico-sdk/sdk/2.2.0/src/rp2_common/hardware_clocks/clocks.c.obj
                0x1000517c                clock_configure_undivided
 *fill*         0x1000518e        0x2 
 .text.clock_get_hz
                0x10005190        0xc app/CMakeFiles/app_main.dir/C_/Users/Mypc/.pico-sdk/sdk/2.2.0/src/rp2_common/hardware_clocks/clocks.c.obj
                0x10005190                clock_get_hz
 .text.gpio_default_irq_handler
                0x1000519c       0xa8 app/CMakeFiles/app_main.dir/C_/Users/Mypc/.pico-sdk/sdk/2.2.0/src/rp2_common/hardware_gpio/gpio.c.obj
 .text._gpio_set_irq_enabled
                0x10005244       0x3c app/CMakeFiles/app_main.dir/C_/Users/Mypc/.pico-sdk/sdk/2.2.0/src/rp2_common/hardware_gpio/gpio.c.obj
 .text.gpio_set_function
                0x10005280       0x34 app/CMakeFiles/app_main.dir/C_/Users/Mypc/.pico-sdk/sdk/2.2.0/src/rp2_common/hardware_gpio/gpio.c.obj
                0x10005280                gpio_set_function
 .text.gpio_set_pulls
                0x100052b4       0x38 app/CMakeFiles/app_main.dir/C_/Users/Mypc/.pico-sdk/sdk/2.2.0/src/rp2_common/hardware_gpio/gpio.c.obj
                0x100052b4                gpio_set_pulls
 .text.gpio_set_irq_enabled
                0x100052ec       0x50 app/CMakeFiles/app_main.dir/C_/Users/Mypc/.pico-sdk/sdk/2.2.0/src/rp2_common/hardware_gpio/gpio.c.obj
                0x100052ec                gpio_set_irq_enabled
 .text.gpio_set_irq_callback
                0x1000533c       0x48 app/CMakeFiles/app_main.dir/C_/Users/Mypc/.pico-sdk/sdk/2.2.0/src/rp2_common/hardware_gpio/gpio.c.obj
                0x1000533c                gpio_set_irq_callback
 .text.gpio_set_irq_enabled_with_callback
                0x10005384       0x28 app/CMakeFiles/app_main.dir/C_/Users/Mypc/.pico-sdk/sdk/2.2.0/src/rp2_common/hardware_gpio/gpio.c.obj
                0x10005384                gpio_set_irq_enabled_with_callback
 .text.gpio_init
                0x100053ac       0x16 app/CMakeFiles/app_main.dir/C_/Users/Mypc/.pico-sdk/sdk/2.2.0/src/rp2_common/hardware_gpio/gpio.c.obj
                0x100053ac                gpio_init
 *fill*         0x100053c2        0x2 
 .text.pll_init
                0x100053c4      0x124 app/CMakeFiles/app_main.dir/C_/Users/Mypc/.pico-sdk/sdk/2.2.0/src/rp2_common/hardware_pll/pll.c.obj
                0x100053c4                pll_init
 .text.tick_start
                0x100054e8       0x10 app/CMakeFiles/app_main.dir/C_/Users/Mypc/.pico-sdk/sdk/2.2.0/src/rp2_common/hardware_ticks/ticks.c.obj
                0x100054e8                tick_start
 .text.xosc_init
                0x100054f8       0x2c app/CMakeFiles/app_main.dir/C_/Users/Mypc/.pico-sdk/sdk/2.2.0/src/rp2_common/hardware_xosc/xosc.c.obj
                0x100054f8                xosc_init
 .text.runtime_run_initializers_from
                0x10005524       0x18 app/CMakeFiles/app_main.dir/C_/Users/Mypc/.pico-sdk/sdk/2.2.0/src/rp2_common/pico_runtime/runtime.c.obj
 .text.first_per_core_initializer
                0x1000553c        0x2 app/CMakeFiles/app_main.dir/C_/Users/Mypc/.pico-sdk/sdk/2.2.0/src/rp2_common/pico_runtime/runtime.c.obj
 *fill*         0x1000553e        0x2 
 .text.runtime_run_initializers
                0x10005540       0x10 app/CMakeFiles/app_main.dir/C_/Users/Mypc/.pico-sdk/sdk/2.2.0/src/rp2_common/pico_runtime/runtime.c.obj
                0x10005540                runtime_run_initializers
 .text.runtime_init_early_resets
                0x10005550       0x2c app/CMakeFiles/app_main.dir/C_/Users/Mypc/.pico-sdk/sdk/2.2.0/src/rp2_common/pico_runtime_init/runtime_init.c.obj
                0x10005550                runtime_init_early_resets
 .text.runtime_init_usb_power_down
                0x1000557c       0x1c app/CMakeFiles/app_main.dir/C_/Users/Mypc/.pico-sdk/sdk/2.2.0/src/rp2_common/pico_runtime_init/runtime_init.c.obj
                0x1000557c                runtime_init_usb_power_down
 .text.runtime_init_post_clock_resets
                0x10005598       0x20 app/CMakeFiles/app_main.dir/C_/Users/Mypc/.pico-sdk/sdk/2.2.0/src/rp2_common/pico_runtime_init/runtime_init.c.obj
                0x10005598                runtime_init_post_clock_resets
 .text.runtime_init_rp2040_gpio_ie_disable
                0x100055b8       0x14 app/CMakeFiles/app_main.dir/C_/Users/Mypc/.pico-sdk/sdk/2.2.0/src/rp2_common/pico_runtime_init/runtime_init.c.obj
                0x100055b8                runtime_init_rp2040_gpio_ie_disable
 .text.runtime_init_spin_locks_reset
                0x100055cc        0x8 app/CMakeFiles/app_main.dir/C_/Users/Mypc/.pico-sdk/sdk/2.2.0/src/rp2_common/pico_runtime_init/runtime_init.c.obj
                0x100055cc                runtime_init_spin_locks_reset
 .text.runtime_init_install_ram_vector_table
                0x100055d4       0x48 app/CMakeFiles/app_main.dir/C_/Users/Mypc/.pico-sdk/sdk/2.2.0/src/rp2_common/pico_runtime_init/runtime_init.c.obj
                0x100055d4                runtime_init_install_ram_vector_table
 .text.start_all_ticks
                0x1000561c       0x28 app/CMakeFiles/app_main.dir/C_/Users/Mypc/.pico-sdk/sdk/2.2.0/src/rp2_common/pico_runtime_init/runtime_init_clocks.c.obj
 .text.runtime_init_clocks
                0x10005644       0xcc app/CMakeFiles/app_main.dir/C_/Users/Mypc/.pico-sdk/sdk/2.2.0/src/rp2_common/pico_runtime_init/runtime_init_clocks.c.obj
                0x10005644                runtime_init_clocks
 .text          0x10005710       0x10 app/CMakeFiles/app_main.dir/C_/Users/Mypc/.pico-sdk/sdk/2.2.0/src/rp2_common/pico_bit_ops/bit_ops_aeabi.S.obj
 .text.__wrap___aeabi_idiv
                0x10005720       0x50 app/CMakeFiles/app_main.dir/C_/Users/Mypc/.pico-sdk/sdk/2.2.0/src/rp2_common/pico_divider/divider_hardware.S.obj
                0x10005720                __wrap___aeabi_idivmod
                0x10005720                divmod_s32s32
                0x10005720                div_s32s32
                0x10005720                __wrap___aeabi_idiv
                0x10005728                divmod_s32s32_unsafe
                0x10005754                divmod_s32s32_savestate
 .text.__wrap___aeabi_uidiv
                0x10005770       0x4c app/CMakeFiles/app_main.dir/C_/Users/Mypc/.pico-sdk/sdk/2.2.0/src/rp2_common/pico_divider/divider_hardware.S.obj
                0x10005770                __wrap___aeabi_uidiv
                0x10005770                __wrap___aeabi_uidivmod
                0x10005770                div_u32u32
                0x10005770                divmod_u32u32
                0x10005778                divmod_u32u32_unsafe
                0x100057a0                divmod_u32u32_savestate
 .text.__wrap___aeabi_ldiv
                0x100057bc      0x424 app/CMakeFiles/app_main.dir/C_/Users/Mypc/.pico-sdk/sdk/2.2.0/src/rp2_common/pico_divider/divider_hardware.S.obj
                0x100057bc                div_s64s64
                0x100057bc                divmod_s64s64
                0x100057bc                __wrap___aeabi_ldivmod
                0x100057ec                divmod_u64u64
                0x100057ec                div_u64u64
                0x100057ec                __wrap___aeabi_uldivmod
                0x100057fc                divmod_u64u64_savestate
                0x1000581c                divmod_s64s64_unsafe
                0x100058a4                divmod_u64u64_unsafe
 .text.__wrap___aeabi_darithmetic
                0x10005be0       0x80 app/CMakeFiles/app_main.dir/C_/Users/Mypc/.pico-sdk/sdk/2.2.0/src/rp2_common/pico_double/double_aeabi_rp2040.S.obj
                0x10005be0                __wrap___aeabi_drsub
                0x10005be6                __wrap___aeabi_dsub
                0x10005bf8                __wrap___aeabi_dadd
                0x10005c0a                __wrap___aeabi_ddiv
                0x10005c46                __wrap___aeabi_dmul
 .text.__wrap___aeabi_cdcmple
                0x10005c60       0x6c app/CMakeFiles/app_main.dir/C_/Users/Mypc/.pico-sdk/sdk/2.2.0/src/rp2_common/pico_double/double_aeabi_rp2040.S.obj
                0x10005c60                __wrap___aeabi_cdrcmple
                0x10005c70                __wrap___aeabi_cdcmpeq
                0x10005c70                __wrap___aeabi_cdcmple
 .text.__wrap___aeabi_dcmplt
                0x10005ccc        0xc app/CMakeFiles/app_main.dir/C_/Users/Mypc/.pico-sdk/sdk/2.2.0/src/rp2_common/pico_double/double_aeabi_rp2040.S.obj
                0x10005ccc                __wrap___aeabi_dcmplt
 .text.__wrap___aeabi_dcmple
                0x10005cd8       0x10 app/CMakeFiles/app_main.dir/C_/Users/Mypc/.pico-sdk/sdk/2.2.0/src/rp2_common/pico_double/double_aeabi_rp2040.S.obj
                0x10005cd8                __wrap___aeabi_dcmple
 .text.__wrap___aeabi_dcmpge
                0x10005ce8       0x10 app/CMakeFiles/app_main.dir/C_/Users/Mypc/.pico-sdk/sdk/2.2.0/src/rp2_common/pico_double/double_aeabi_rp2040.S.obj
                0x10005ce8                __wrap___aeabi_dcmpge
 .text.__wrap___aeabi_dcmpgt
                0x10005cf8        0xa app/CMakeFiles/app_main.dir/C_/Users/Mypc/.pico-sdk/sdk/2.2.0/src/rp2_common/pico_double/double_aeabi_rp2040.S.obj
                0x10005cf8                __wrap___aeabi_dcmpgt
 .text.__wrap___aeabi_dcmpun
                0x10005d02       0x18 app/CMakeFiles/app_main.dir/C_/Users/Mypc/.pico-sdk/sdk/2.2.0/src/rp2_common/pico_double/double_aeabi_rp2040.S.obj
                0x10005d02                __wrap___aeabi_dcmpun
 *fill*         0x10005d1a        0x2 
 .text.__wrap___aeabi_i2d
                0x10005d1c       0x38 app/CMakeFiles/app_main.dir/C_/Users/Mypc/.pico-sdk/sdk/2.2.0/src/rp2_common/pico_double/double_aeabi_rp2040.S.obj
                0x10005d1c                uint2double
                0x10005d1c                __wrap___aeabi_ui2d
                0x10005d24                int2double
                0x10005d24                __wrap___aeabi_i2d
 .text.__wrap___aeabi_d2iz
                0x10005d54       0x48 app/CMakeFiles/app_main.dir/C_/Users/Mypc/.pico-sdk/sdk/2.2.0/src/rp2_common/pico_double/double_aeabi_rp2040.S.obj
                0x10005d54                double2int_z
                0x10005d54                __wrap___aeabi_d2iz
 .text.__wrap___aeabi_d2uiz
                0x10005d9c       0x18 app/CMakeFiles/app_main.dir/C_/Users/Mypc/.pico-sdk/sdk/2.2.0/src/rp2_common/pico_double/double_aeabi_rp2040.S.obj
                0x10005d9c                double2uint
                0x10005d9c                __wrap___aeabi_d2uiz
                0x10005d9c                double2uint_z
 .text.__aeabi_double_init
                0x10005db4       0xcc app/CMakeFiles/app_main.dir/C_/Users/Mypc/.pico-sdk/sdk/2.2.0/src/rp2_common/pico_double/double_init_rom_rp2040.c.obj
                0x10005db4                __aeabi_double_init
 .text.double_table_shim_on_use_helper
                0x10005e80       0x34 app/CMakeFiles/app_main.dir/C_/Users/Mypc/.pico-sdk/sdk/2.2.0/src/rp2_common/pico_double/double_v1_rom_shim_rp2040.S.obj
                0x10005e80                double_table_shim_on_use_helper
 .text.__wrap___aeabi_dsub
                0x10005eb4       0x10 app/CMakeFiles/app_main.dir/C_/Users/Mypc/.pico-sdk/sdk/2.2.0/src/rp2_common/pico_double/double_v1_rom_shim_rp2040.S.obj
                0x10005eb4                drsub_shim
                0x10005eba                dsub_shim
 .text.dadd_shim
                0x10005ec4      0x15c app/CMakeFiles/app_main.dir/C_/Users/Mypc/.pico-sdk/sdk/2.2.0/src/rp2_common/pico_double/double_v1_rom_shim_rp2040.S.obj
                0x10005ec4                dadd_shim
 .text.dmul_shim
                0x10006020      0x15c app/CMakeFiles/app_main.dir/C_/Users/Mypc/.pico-sdk/sdk/2.2.0/src/rp2_common/pico_double/double_v1_rom_shim_rp2040.S.obj
                0x10006020                dmul_shim
 .text.ddiv_shim
                0x1000617c      0x1b0 app/CMakeFiles/app_main.dir/C_/Users/Mypc/.pico-sdk/sdk/2.2.0/src/rp2_common/pico_double/double_v1_rom_shim_rp2040.S.obj
                0x1000617c                ddiv_shim
 .text.double2uint_shim
                0x1000632c        0xe app/CMakeFiles/app_main.dir/C_/Users/Mypc/.pico-sdk/sdk/2.2.0/src/rp2_common/pico_double/double_v1_rom_shim_rp2040.S.obj
                0x1000632c                double2uint_shim
                0x1000632e                double2ufix_shim
 *fill*         0x1000633a        0x2 
 .text.double2uint64_shim
                0x1000633c       0x70 app/CMakeFiles/app_main.dir/C_/Users/Mypc/.pico-sdk/sdk/2.2.0/src/rp2_common/pico_double/double_v1_rom_shim_rp2040.S.obj
                0x1000633c                double2uint64_shim
                0x1000633e                double2ufix64_shim
                0x1000635e                d2fix_a
 .text.dunpacks
                0x100063ac       0x3c app/CMakeFiles/app_main.dir/C_/Users/Mypc/.pico-sdk/sdk/2.2.0/src/rp2_common/pico_double/double_v1_rom_shim_rp2040.S.obj
                0x100063ac                dunpacks
 .text.__aeabi_lmul
                0x100063e8       0x32 app/CMakeFiles/app_main.dir/C_/Users/Mypc/.pico-sdk/sdk/2.2.0/src/rp2_common/pico_int64_ops/pico_int64_ops_aeabi.S.obj
                0x100063e8                __wrap___aeabi_lmul
 *fill*         0x1000641a        0x2 
 .text.__aeabi_float_init
                0x1000641c       0xfc app/CMakeFiles/app_main.dir/C_/Users/Mypc/.pico-sdk/sdk/2.2.0/src/rp2_common/pico_float/float_init_rom_rp2040.c.obj
                0x1000641c                __aeabi_float_init
 .text.float_table_shim_on_use_helper
                0x10006518       0x34 app/CMakeFiles/app_main.dir/C_/Users/Mypc/.pico-sdk/sdk/2.2.0/src/rp2_common/pico_float/float_v1_rom_shim_rp2040.S.obj
                0x10006518                float_table_shim_on_use_helper
 .text.check_alloc
                0x1000654c       0x20 app/CMakeFiles/app_main.dir/C_/Users/Mypc/.pico-sdk/sdk/2.2.0/src/rp2_common/pico_malloc/malloc.c.obj
 .text.__wrap_malloc
                0x1000656c       0x14 app/CMakeFiles/app_main.dir/C_/Users/Mypc/.pico-sdk/sdk/2.2.0/src/rp2_common/pico_malloc/malloc.c.obj
                0x1000656c                __wrap_malloc
 .text          0x10006580       0x10 app/CMakeFiles/app_main.dir/C_/Users/Mypc/.pico-sdk/sdk/2.2.0/src/rp2_common/pico_mem_ops/mem_ops_aeabi.S.obj
                0x10006580                __aeabi_mem_init
 .text.memset   0x10006590        0xc app/CMakeFiles/app_main.dir/C_/Users/Mypc/.pico-sdk/sdk/2.2.0/src/rp2_common/pico_mem_ops/mem_ops_aeabi.S.obj
                0x10006590                __wrap_memset
 .text.memcpy   0x1000659c        0xc app/CMakeFiles/app_main.dir/C_/Users/Mypc/.pico-sdk/sdk/2.2.0/src/rp2_common/pico_mem_ops/mem_ops_aeabi.S.obj
                0x1000659c                __wrap_memcpy
                0x1000659c                __wrap___aeabi_memcpy
 .text._out_null
                0x100065a8        0x2 app/CMakeFiles/app_main.dir/C_/Users/Mypc/.pico-sdk/sdk/2.2.0/src/rp2_common/pico_printf/printf.c.obj
 .text._out_fct
                0x100065aa        0xe app/CMakeFiles/app_main.dir/C_/Users/Mypc/.pico-sdk/sdk/2.2.0/src/rp2_common/pico_printf/printf.c.obj
 .text._atoi    0x100065b8       0x24 app/CMakeFiles/app_main.dir/C_/Users/Mypc/.pico-sdk/sdk/2.2.0/src/rp2_common/pico_printf/printf.c.obj
 .text._out_rev
                0x100065dc       0xb0 app/CMakeFiles/app_main.dir/C_/Users/Mypc/.pico-sdk/sdk/2.2.0/src/rp2_common/pico_printf/printf.c.obj
 .text._ntoa_format
                0x1000668c      0x10e app/CMakeFiles/app_main.dir/C_/Users/Mypc/.pico-sdk/sdk/2.2.0/src/rp2_common/pico_printf/printf.c.obj
 .text._ntoa_long
                0x1000679a       0xbc app/CMakeFiles/app_main.dir/C_/Users/Mypc/.pico-sdk/sdk/2.2.0/src/rp2_common/pico_printf/printf.c.obj
 .text._ntoa_long_long
                0x10006856      0x10e app/CMakeFiles/app_main.dir/C_/Users/Mypc/.pico-sdk/sdk/2.2.0/src/rp2_common/pico_printf/printf.c.obj
 .text._etoa    0x10006964      0x424 app/CMakeFiles/app_main.dir/C_/Users/Mypc/.pico-sdk/sdk/2.2.0/src/rp2_common/pico_printf/printf.c.obj
 .text._ftoa    0x10006d88      0x348 app/CMakeFiles/app_main.dir/C_/Users/Mypc/.pico-sdk/sdk/2.2.0/src/rp2_common/pico_printf/printf.c.obj
 .text._vsnprintf
                0x100070d0      0x6a4 app/CMakeFiles/app_main.dir/C_/Users/Mypc/.pico-sdk/sdk/2.2.0/src/rp2_common/pico_printf/printf.c.obj
 .text.vfctprintf
                0x10007774       0x24 app/CMakeFiles/app_main.dir/C_/Users/Mypc/.pico-sdk/sdk/2.2.0/src/rp2_common/pico_printf/printf.c.obj
                0x10007774                vfctprintf
 .text._exit    0x10007798        0x4 app/CMakeFiles/app_main.dir/C_/Users/Mypc/.pico-sdk/sdk/2.2.0/src/rp2_common/pico_clib_interface/newlib_interface.c.obj
                0x10007798                _exit
 .text._sbrk    0x1000779c       0x38 app/CMakeFiles/app_main.dir/C_/Users/Mypc/.pico-sdk/sdk/2.2.0/src/rp2_common/pico_clib_interface/newlib_interface.c.obj
                0x1000779c                _sbrk
 .text._read    0x100077d4       0x24 app/CMakeFiles/app_main.dir/C_/Users/Mypc/.pico-sdk/sdk/2.2.0/src/rp2_common/pico_clib_interface/newlib_interface.c.obj
                0x100077d4                _read
 .text._write   0x100077f8       0x22 app/CMakeFiles/app_main.dir/C_/Users/Mypc/.pico-sdk/sdk/2.2.0/src/rp2_common/pico_clib_interface/newlib_interface.c.obj
                0x100077f8                _write
 .text._close   0x1000781a        0x6 app/CMakeFiles/app_main.dir/C_/Users/Mypc/.pico-sdk/sdk/2.2.0/src/rp2_common/pico_clib_interface/newlib_interface.c.obj
                0x1000781a                _close
 .text._lseek   0x10007820        0x6 app/CMakeFiles/app_main.dir/C_/Users/Mypc/.pico-sdk/sdk/2.2.0/src/rp2_common/pico_clib_interface/newlib_interface.c.obj
                0x10007820                _lseek
 .text._fstat   0x10007826        0x6 app/CMakeFiles/app_main.dir/C_/Users/Mypc/.pico-sdk/sdk/2.2.0/src/rp2_common/pico_clib_interface/newlib_interface.c.obj
                0x10007826                _fstat
 .text.exit     0x1000782c        0x6 app/CMakeFiles/app_main.dir/C_/Users/Mypc/.pico-sdk/sdk/2.2.0/src/rp2_common/pico_clib_interface/newlib_interface.c.obj
                0x1000782c                exit
 *fill*         0x10007832        0x2 
 .text.__assert_func
                0x10007834       0x38 app/CMakeFiles/app_main.dir/C_/Users/Mypc/.pico-sdk/sdk/2.2.0/src/rp2_common/pico_clib_interface/newlib_interface.c.obj
                0x10007834                __assert_func
 .text.runtime_init
                0x1000786c       0x28 app/CMakeFiles/app_main.dir/C_/Users/Mypc/.pico-sdk/sdk/2.2.0/src/rp2_common/pico_clib_interface/newlib_interface.c.obj
                0x1000786c                runtime_init
 .text.stdio_out_chars_no_crlf
                0x10007894        0xe app/CMakeFiles/app_main.dir/C_/Users/Mypc/.pico-sdk/sdk/2.2.0/src/rp2_common/pico_stdio/stdio.c.obj
 *fill*         0x100078a2        0x2 
 .text.stdio_out_chars_crlf
                0x100078a4       0x80 app/CMakeFiles/app_main.dir/C_/Users/Mypc/.pico-sdk/sdk/2.2.0/src/rp2_common/pico_stdio/stdio.c.obj
 .text.stdio_stack_buffer_flush
                0x10007924       0x44 app/CMakeFiles/app_main.dir/C_/Users/Mypc/.pico-sdk/sdk/2.2.0/src/rp2_common/pico_stdio/stdio.c.obj
 .text.stdio_buffered_printer
                0x10007968       0x20 app/CMakeFiles/app_main.dir/C_/Users/Mypc/.pico-sdk/sdk/2.2.0/src/rp2_common/pico_stdio/stdio.c.obj
 .text.stdout_serialize_begin
                0x10007988       0x30 app/CMakeFiles/app_main.dir/C_/Users/Mypc/.pico-sdk/sdk/2.2.0/src/rp2_common/pico_stdio/stdio.c.obj
                0x10007988                stdout_serialize_begin
 .text.stdout_serialize_end
                0x100079b8       0x10 app/CMakeFiles/app_main.dir/C_/Users/Mypc/.pico-sdk/sdk/2.2.0/src/rp2_common/pico_stdio/stdio.c.obj
                0x100079b8                stdout_serialize_end
 .text.stdio_put_string
                0x100079c8       0x94 app/CMakeFiles/app_main.dir/C_/Users/Mypc/.pico-sdk/sdk/2.2.0/src/rp2_common/pico_stdio/stdio.c.obj
                0x100079c8                stdio_put_string
 .text.stdio_get_until
                0x10007a5c       0x74 app/CMakeFiles/app_main.dir/C_/Users/Mypc/.pico-sdk/sdk/2.2.0/src/rp2_common/pico_stdio/stdio.c.obj
                0x10007a5c                stdio_get_until
 .text.stdio_flush
                0x10007ad0       0x20 app/CMakeFiles/app_main.dir/C_/Users/Mypc/.pico-sdk/sdk/2.2.0/src/rp2_common/pico_stdio/stdio.c.obj
                0x10007ad0                stdio_flush
 .text.stdio_init_all
                0x10007af0        0x4 app/CMakeFiles/app_main.dir/C_/Users/Mypc/.pico-sdk/sdk/2.2.0/src/rp2_common/pico_stdio/stdio.c.obj
                0x10007af0                stdio_init_all
 .text.stdio_getchar_timeout_us
                0x10007af4       0x54 app/CMakeFiles/app_main.dir/C_/Users/Mypc/.pico-sdk/sdk/2.2.0/src/rp2_common/pico_stdio/stdio.c.obj
                0x10007af4                stdio_getchar_timeout_us
 .text.__wrap_putchar
                0x10007b48       0x1c app/CMakeFiles/app_main.dir/C_/Users/Mypc/.pico-sdk/sdk/2.2.0/src/rp2_common/pico_stdio/stdio.c.obj
                0x10007b48                __wrap_putchar
                0x10007b48                stdio_putchar
 .text.__wrap_puts
                0x10007b64       0x1e app/CMakeFiles/app_main.dir/C_/Users/Mypc/.pico-sdk/sdk/2.2.0/src/rp2_common/pico_stdio/stdio.c.obj
                0x10007b64                stdio_puts
                0x10007b64                __wrap_puts
 *fill*         0x10007b82        0x2 
 .text.__wrap_vprintf
                0x10007b84       0x40 app/CMakeFiles/app_main.dir/C_/Users/Mypc/.pico-sdk/sdk/2.2.0/src/rp2_common/pico_stdio/stdio.c.obj
                0x10007b84                stdio_vprintf
                0x10007b84                __wrap_vprintf
 .text.__wrap_printf
                0x10007bc4       0x18 app/CMakeFiles/app_main.dir/C_/Users/Mypc/.pico-sdk/sdk/2.2.0/src/rp2_common/pico_stdio/stdio.c.obj
                0x10007bc4                __wrap_printf
                0x10007bc4                stdio_printf
 .text.ok       0x10007bdc       0x20 file_processing/libfile_processing.a(file_processing.c.obj)
                0x10007bdc                ok
 .text.invalid_name
                0x10007bfc        0x2 file_processing/libfile_processing.a(file_processing.c.obj)
                0x10007bfc                invalid_name
 .text.denied   0x10007bfe        0x2 file_processing/libfile_processing.a(file_processing.c.obj)
                0x10007bfe                denied
 .text.exist    0x10007c00        0x4 file_processing/libfile_processing.a(file_processing.c.obj)
                0x10007c00                exist
 .text.invalid_object
                0x10007c04        0x2 file_processing/libfile_processing.a(file_processing.c.obj)
                0x10007c04                invalid_object
 .text.not_enabled
                0x10007c06        0x2 file_processing/libfile_processing.a(file_processing.c.obj)
                0x10007c06                not_enabled
 .text.mkfs_aborted
                0x10007c08        0x2 file_processing/libfile_processing.a(file_processing.c.obj)
                0x10007c08                mkfs_aborted
 .text.timeout  0x10007c0a        0x2 file_processing/libfile_processing.a(file_processing.c.obj)
                0x10007c0a                timeout
 .text.locked   0x10007c0c        0x2 file_processing/libfile_processing.a(file_processing.c.obj)
                0x10007c0c                locked
 .text.too_many_open_files
                0x10007c0e        0x2 file_processing/libfile_processing.a(file_processing.c.obj)
                0x10007c0e                too_many_open_files
 .text.start_error
                0x10007c10        0x2 file_processing/libfile_processing.a(file_processing.c.obj)
                0x10007c10                start_error
 .text.extract_date
                0x10007c12       0xa6 file_processing/libfile_processing.a(file_processing.c.obj)
 .text.no_path  0x10007cb8       0x68 file_processing/libfile_processing.a(file_processing.c.obj)
                0x10007cb8                no_path
 .text.no_file  0x10007d20       0x54 file_processing/libfile_processing.a(file_processing.c.obj)
                0x10007d20                no_file
 .text.no_folder
                0x10007d74       0x38 file_processing/libfile_processing.a(file_processing.c.obj)
                0x10007d74                no_folder
 .text.no_filesystem
                0x10007dac       0x2c file_processing/libfile_processing.a(file_processing.c.obj)
                0x10007dac                no_filesystem
 .text.start    0x10007dd8       0x18 file_processing/libfile_processing.a(file_processing.c.obj)
                0x10007dd8                start
 .text.file_processing_main
                0x10007df0       0x28 file_processing/libfile_processing.a(file_processing.c.obj)
                0x10007df0                file_processing_main
 .text.pio_get_default_sm_config
                0x10007e18       0x28 hardware_processing/libhardware_processing.a(hardware_processing.c.obj)
 .text.clocked_input_program_get_default_config
                0x10007e40       0x28 hardware_processing/libhardware_processing.a(hardware_processing.c.obj)
 .text.clocked_input_program_init
                0x10007e68       0xc0 hardware_processing/libhardware_processing.a(hardware_processing.c.obj)
 .text.channel_config_set_chain_to
                0x10007f28       0x34 hardware_processing/libhardware_processing.a(hardware_processing.c.obj)
 .text.dma_channel_get_default_config
                0x10007f5c       0x74 hardware_processing/libhardware_processing.a(hardware_processing.c.obj)
 .text.channel_config_set_dreq
                0x10007fd0       0x34 hardware_processing/libhardware_processing.a(hardware_processing.c.obj)
 .text.dma_init
                0x10008004       0x44 hardware_processing/libhardware_processing.a(hardware_processing.c.obj)
 .text.myIRQHandler
                0x10008048       0x60 hardware_processing/libhardware_processing.a(hardware_processing.c.obj)
 .text.pio_dma_setup
                0x100080a8       0x80 hardware_processing/libhardware_processing.a(hardware_processing.c.obj)
                0x100080a8                pio_dma_setup
 .text.set_gpio_pins
                0x10008128       0x2c hardware_processing/libhardware_processing.a(hardware_processing.c.obj)
                0x10008128                set_gpio_pins
 .text.is_dma_done
                0x10008154       0x24 hardware_processing/libhardware_processing.a(hardware_processing.c.obj)
                0x10008154                is_dma_done
 .text.wait_for_dma_to_be_done
                0x10008178       0x1c hardware_processing/libhardware_processing.a(hardware_processing.c.obj)
                0x10008178                wait_for_dma_to_be_done
 .text.queue_init
                0x10008194       0x14 hardware_processing/libhardware_processing.a(queue.c.obj)
                0x10008194                queue_init
 .text.give_array_address
                0x100081a8        0x8 hardware_processing/libhardware_processing.a(queue.c.obj)
                0x100081a8                give_array_address
 .text.pio_get_default_sm_config
                0x100081b0       0x28 hardware_processing/libhardware_processing.a(pio.c.obj)
 .text.is_program_gpio_compatible
                0x100081d8        0x4 hardware_processing/libhardware_processing.a(pio.c.obj)
 .text.add_program_at_offset_check
                0x100081dc       0x64 hardware_processing/libhardware_processing.a(pio.c.obj)
 .text.add_program_at_offset
                0x10008240       0x60 hardware_processing/libhardware_processing.a(pio.c.obj)
 .text.find_offset_for_program
                0x100082a0       0x7c hardware_processing/libhardware_processing.a(pio.c.obj)
 .text.pio_claim_unused_sm
                0x1000831c       0x38 hardware_processing/libhardware_processing.a(pio.c.obj)
                0x1000831c                pio_claim_unused_sm
 .text.pio_add_program
                0x10008354       0x30 hardware_processing/libhardware_processing.a(pio.c.obj)
                0x10008354                pio_add_program
 .text.pio_sm_set_consecutive_pindirs
                0x10008384       0xb4 hardware_processing/libhardware_processing.a(pio.c.obj)
                0x10008384                pio_sm_set_consecutive_pindirs
 .text.pio_sm_init
                0x10008438       0xb4 hardware_processing/libhardware_processing.a(pio.c.obj)
                0x10008438                pio_sm_init
 .text.dma_claim_unused_channel
                0x100084ec       0x24 hardware_processing/libhardware_processing.a(dma.c.obj)
                0x100084ec                dma_claim_unused_channel
 .text.ld_word  0x10008510        0xa fatfs/libfatfs_lib.a(ff.c.obj)
 .text.ld_dword
                0x1000851a       0x18 fatfs/libfatfs_lib.a(ff.c.obj)
 .text.st_word  0x10008532        0x8 fatfs/libfatfs_lib.a(ff.c.obj)
 .text.st_dword
                0x1000853a       0x10 fatfs/libfatfs_lib.a(ff.c.obj)
 .text.dbc_1st  0x1000854a        0x4 fatfs/libfatfs_lib.a(ff.c.obj)
 .text.dbc_2nd  0x1000854e        0x4 fatfs/libfatfs_lib.a(ff.c.obj)
 .text.clst2sect
                0x10008552       0x18 fatfs/libfatfs_lib.a(ff.c.obj)
 .text.ld_clust
                0x1000856a       0x26 fatfs/libfatfs_lib.a(ff.c.obj)
 .text.st_clust
                0x10008590       0x26 fatfs/libfatfs_lib.a(ff.c.obj)
 *fill*         0x100085b6        0x2 
 .text.pick_lfn
                0x100085b8       0x94 fatfs/libfatfs_lib.a(ff.c.obj)
 .text.put_lfn  0x1000864c       0x8c fatfs/libfatfs_lib.a(ff.c.obj)
 .text.sum_sfn  0x100086d8       0x20 fatfs/libfatfs_lib.a(ff.c.obj)
 .text.get_ldnumber
                0x100086f8       0x5c fatfs/libfatfs_lib.a(ff.c.obj)
 .text.validate
                0x10008754       0x52 fatfs/libfatfs_lib.a(ff.c.obj)
 .text.sync_window
                0x100087a6       0x4a fatfs/libfatfs_lib.a(ff.c.obj)
 .text.move_window
                0x100087f0       0x36 fatfs/libfatfs_lib.a(ff.c.obj)
 *fill*         0x10008826        0x2 
 .text.check_fs
                0x10008828       0xdc fatfs/libfatfs_lib.a(ff.c.obj)
 .text.find_volume
                0x10008904       0x6e fatfs/libfatfs_lib.a(ff.c.obj)
 *fill*         0x10008972        0x2 
 .text.mount_volume
                0x10008974      0x30c fatfs/libfatfs_lib.a(ff.c.obj)
 .text.put_fat  0x10008c80      0x12e fatfs/libfatfs_lib.a(ff.c.obj)
 .text.get_fat  0x10008dae       0xd6 fatfs/libfatfs_lib.a(ff.c.obj)
 .text.dir_sdi  0x10008e84       0xb4 fatfs/libfatfs_lib.a(ff.c.obj)
 .text.create_chain
                0x10008f38      0x122 fatfs/libfatfs_lib.a(ff.c.obj)
 .text.remove_chain
                0x1000905a       0x7c fatfs/libfatfs_lib.a(ff.c.obj)
 .text.dir_clear
                0x100090d6       0x64 fatfs/libfatfs_lib.a(ff.c.obj)
 .text.dir_next
                0x1000913a       0xd4 fatfs/libfatfs_lib.a(ff.c.obj)
 .text.dir_alloc
                0x1000920e       0x4e fatfs/libfatfs_lib.a(ff.c.obj)
 .text.dir_read
                0x1000925c       0xdc fatfs/libfatfs_lib.a(ff.c.obj)
 .text.dir_remove
                0x10009338       0x4c fatfs/libfatfs_lib.a(ff.c.obj)
 .text.putc_init
                0x10009384       0x12 fatfs/libfatfs_lib.a(ff.c.obj)
 .text.put_utf  0x10009396       0x3a fatfs/libfatfs_lib.a(ff.c.obj)
 .text.get_fileinfo
                0x100093d0      0x148 fatfs/libfatfs_lib.a(ff.c.obj)
 .text.tchar2uni
                0x10009518       0x4c fatfs/libfatfs_lib.a(ff.c.obj)
 .text.create_name
                0x10009564      0x32c fatfs/libfatfs_lib.a(ff.c.obj)
 .text.cmp_lfn  0x10009890       0xb0 fatfs/libfatfs_lib.a(ff.c.obj)
 .text.dir_find
                0x10009940       0xe8 fatfs/libfatfs_lib.a(ff.c.obj)
 .text.follow_path
                0x10009a28       0xb0 fatfs/libfatfs_lib.a(ff.c.obj)
 .text.gen_numname
                0x10009ad8       0xac fatfs/libfatfs_lib.a(ff.c.obj)
 .text.dir_register
                0x10009b84      0x152 fatfs/libfatfs_lib.a(ff.c.obj)
 *fill*         0x10009cd6        0x2 
 .text.sync_fs  0x10009cd8       0x9c fatfs/libfatfs_lib.a(ff.c.obj)
 .text.create_partition
                0x10009d74      0x18c fatfs/libfatfs_lib.a(ff.c.obj)
 .text.f_mount  0x10009f00       0x5c fatfs/libfatfs_lib.a(ff.c.obj)
                0x10009f00                f_mount
 .text.f_open   0x10009f5c      0x210 fatfs/libfatfs_lib.a(ff.c.obj)
                0x10009f5c                f_open
 .text.f_read   0x1000a16c      0x1a2 fatfs/libfatfs_lib.a(ff.c.obj)
                0x1000a16c                f_read
 .text.f_write  0x1000a30e      0x1e8 fatfs/libfatfs_lib.a(ff.c.obj)
                0x1000a30e                f_write
 .text.putc_bfd
                0x1000a4f6       0x40 fatfs/libfatfs_lib.a(ff.c.obj)
 .text.putc_flush
                0x1000a536       0x3c fatfs/libfatfs_lib.a(ff.c.obj)
 *fill*         0x1000a572        0x2 
 .text.f_sync   0x1000a574       0x98 fatfs/libfatfs_lib.a(ff.c.obj)
                0x1000a574                f_sync
 .text.f_close  0x1000a60c       0x24 fatfs/libfatfs_lib.a(ff.c.obj)
                0x1000a60c                f_close
 .text.f_chdir  0x1000a630       0x5c fatfs/libfatfs_lib.a(ff.c.obj)
                0x1000a630                f_chdir
 .text.f_getcwd
                0x1000a68c      0x118 fatfs/libfatfs_lib.a(ff.c.obj)
                0x1000a68c                f_getcwd
 .text.f_opendir
                0x1000a7a4       0x6c fatfs/libfatfs_lib.a(ff.c.obj)
                0x1000a7a4                f_opendir
 .text.f_closedir
                0x1000a810       0x18 fatfs/libfatfs_lib.a(ff.c.obj)
                0x1000a810                f_closedir
 .text.f_readdir
                0x1000a828       0x52 fatfs/libfatfs_lib.a(ff.c.obj)
                0x1000a828                f_readdir
 .text.f_stat   0x1000a87a       0x44 fatfs/libfatfs_lib.a(ff.c.obj)
                0x1000a87a                f_stat
 .text.f_unlink
                0x1000a8be       0xba fatfs/libfatfs_lib.a(ff.c.obj)
                0x1000a8be                f_unlink
 .text.f_mkdir  0x1000a978      0x118 fatfs/libfatfs_lib.a(ff.c.obj)
                0x1000a978                f_mkdir
 .text.f_rename
                0x1000aa90      0x11a fatfs/libfatfs_lib.a(ff.c.obj)
                0x1000aa90                f_rename
 *fill*         0x1000abaa        0x2 
 .text.f_mkfs   0x1000abac      0x6ac fatfs/libfatfs_lib.a(ff.c.obj)
                0x1000abac                f_mkfs
 .text.f_puts   0x1000b258       0x26 fatfs/libfatfs_lib.a(ff.c.obj)
                0x1000b258                f_puts
 *fill*         0x1000b27e        0x2 
 .text.ff_uni2oem
                0x1000b280       0x44 fatfs/libfatfs_lib.a(ffunicode.c.obj)
                0x1000b280                ff_uni2oem
 .text.ff_oem2uni
                0x1000b2c4       0x30 fatfs/libfatfs_lib.a(ffunicode.c.obj)
                0x1000b2c4                ff_oem2uni
 .text.ff_wtoupper
                0x1000b2f4       0xa8 fatfs/libfatfs_lib.a(ffunicode.c.obj)
                0x1000b2f4                ff_wtoupper
 .text.onCharInput
                0x1000b39c       0x28 fatfs/libfatfs_lib.a(msc_app.c.obj)
 .text.isControlChar
                0x1000b3c4       0x32 fatfs/libfatfs_lib.a(msc_app.c.obj)
 .text.isDisplayableChar
                0x1000b3f6       0x10 fatfs/libfatfs_lib.a(msc_app.c.obj)
 .text.fifoBufAvailable
                0x1000b406       0x1a fatfs/libfatfs_lib.a(msc_app.c.obj)
 .text.fifoBufPop
                0x1000b420       0x24 fatfs/libfatfs_lib.a(msc_app.c.obj)
 .text.fifoBufPush
                0x1000b444       0x28 fatfs/libfatfs_lib.a(msc_app.c.obj)
 .text.getTokenPosition
                0x1000b46c       0x44 fatfs/libfatfs_lib.a(msc_app.c.obj)
 .text.disk_io_complete
                0x1000b4b0       0x10 fatfs/libfatfs_lib.a(msc_app.c.obj)
 .text.writeToOutput
                0x1000b4c0       0x22 fatfs/libfatfs_lib.a(msc_app.c.obj)
 *fill*         0x1000b4e2        0x2 
 .text.onUnknownCommand
                0x1000b4e4       0x34 fatfs/libfatfs_lib.a(msc_app.c.obj)
 .text.clearCurrentLine
                0x1000b518       0x38 fatfs/libfatfs_lib.a(msc_app.c.obj)
 .text.getAutocompletedCommand
                0x1000b550       0xd4 fatfs/libfatfs_lib.a(msc_app.c.obj)
 .text.printLiveAutocompletion
                0x1000b624       0x8a fatfs/libfatfs_lib.a(msc_app.c.obj)
 *fill*         0x1000b6ae        0x2 
 .text.onAutocompleteRequest
                0x1000b6b0       0xb8 fatfs/libfatfs_lib.a(msc_app.c.obj)
 .text.inquiry_complete_cb
                0x1000b768       0xb4 fatfs/libfatfs_lib.a(msc_app.c.obj)
 .text.wait_for_disk_io
                0x1000b81c       0x20 fatfs/libfatfs_lib.a(msc_app.c.obj)
 .text.cli_write_char
                0x1000b83c        0xa fatfs/libfatfs_lib.a(msc_app.c.obj)
 *fill*         0x1000b846        0x2 
 .text.embeddedCliDefaultConfig
                0x1000b848       0x20 fatfs/libfatfs_lib.a(msc_app.c.obj)
                0x1000b848                embeddedCliDefaultConfig
 .text.embeddedCliRequiredSize
                0x1000b868       0x30 fatfs/libfatfs_lib.a(msc_app.c.obj)
                0x1000b868                embeddedCliRequiredSize
 .text.embeddedCliReceiveChar
                0x1000b898       0x1c fatfs/libfatfs_lib.a(msc_app.c.obj)
                0x1000b898                embeddedCliReceiveChar
 .text.embeddedCliAddBinding
                0x1000b8b4       0x40 fatfs/libfatfs_lib.a(msc_app.c.obj)
                0x1000b8b4                embeddedCliAddBinding
 .text.initInternalBindings
                0x1000b8f4       0x2c fatfs/libfatfs_lib.a(msc_app.c.obj)
 .text.embeddedCliNew
                0x1000b920       0xa4 fatfs/libfatfs_lib.a(msc_app.c.obj)
                0x1000b920                embeddedCliNew
 .text.embeddedCliTokenizeArgs
                0x1000b9c4       0x88 fatfs/libfatfs_lib.a(msc_app.c.obj)
                0x1000b9c4                embeddedCliTokenizeArgs
 .text.embeddedCliGetToken
                0x1000ba4c       0x1c fatfs/libfatfs_lib.a(msc_app.c.obj)
                0x1000ba4c                embeddedCliGetToken
 .text.historyGet
                0x1000ba68       0x1c fatfs/libfatfs_lib.a(msc_app.c.obj)
 .text.navigateHistory
                0x1000ba84       0x98 fatfs/libfatfs_lib.a(msc_app.c.obj)
 .text.onEscapedInput
                0x1000bb1c       0x32 fatfs/libfatfs_lib.a(msc_app.c.obj)
 *fill*         0x1000bb4e        0x2 
 .text.embeddedCliGetTokenVariable
                0x1000bb50       0x1c fatfs/libfatfs_lib.a(msc_app.c.obj)
                0x1000bb50                embeddedCliGetTokenVariable
 .text.historyRemove
                0x1000bb6c       0x66 fatfs/libfatfs_lib.a(msc_app.c.obj)
 .text.historyPut
                0x1000bbd2       0x76 fatfs/libfatfs_lib.a(msc_app.c.obj)
 .text.parseCommand
                0x1000bc48      0x128 fatfs/libfatfs_lib.a(msc_app.c.obj)
 .text.onControlInput
                0x1000bd70       0xa4 fatfs/libfatfs_lib.a(msc_app.c.obj)
 .text.embeddedCliProcess
                0x1000be14       0xb0 fatfs/libfatfs_lib.a(msc_app.c.obj)
                0x1000be14                embeddedCliProcess
 .text.embeddedCliGetTokenCount
                0x1000bec4       0x2e fatfs/libfatfs_lib.a(msc_app.c.obj)
                0x1000bec4                embeddedCliGetTokenCount
 *fill*         0x1000bef2        0x2 
 .text.onHelp   0x1000bef4      0x134 fatfs/libfatfs_lib.a(msc_app.c.obj)
 .text.cli_cmd_cat
                0x1000c028       0xac fatfs/libfatfs_lib.a(msc_app.c.obj)
                0x1000c028                cli_cmd_cat
 .text.cli_cmd_cd
                0x1000c0d4       0x34 fatfs/libfatfs_lib.a(msc_app.c.obj)
                0x1000c0d4                cli_cmd_cd
 .text.cli_cmd_cp
                0x1000c108       0xc4 fatfs/libfatfs_lib.a(msc_app.c.obj)
                0x1000c108                cli_cmd_cp
 .text.cli_cmd_ls
                0x1000c1cc       0xac fatfs/libfatfs_lib.a(msc_app.c.obj)
                0x1000c1cc                cli_cmd_ls
 .text.cli_cmd_pwd
                0x1000c278       0x40 fatfs/libfatfs_lib.a(msc_app.c.obj)
                0x1000c278                cli_cmd_pwd
 .text.cli_cmd_mkdir
                0x1000c2b8       0x34 fatfs/libfatfs_lib.a(msc_app.c.obj)
                0x1000c2b8                cli_cmd_mkdir
 .text.cli_cmd_mv
                0x1000c2ec       0x4c fatfs/libfatfs_lib.a(msc_app.c.obj)
                0x1000c2ec                cli_cmd_mv
 .text.cli_cmd_rm
                0x1000c338       0x44 fatfs/libfatfs_lib.a(msc_app.c.obj)
                0x1000c338                cli_cmd_rm
 .text.msc_app_task
                0x1000c37c       0x34 fatfs/libfatfs_lib.a(msc_app.c.obj)
                0x1000c37c                msc_app_task
 .text.tuh_msc_mount_cb
                0x1000c3b0       0x2c fatfs/libfatfs_lib.a(msc_app.c.obj)
                0x1000c3b0                tuh_msc_mount_cb
 .text.tuh_msc_umount_cb
                0x1000c3dc       0x30 fatfs/libfatfs_lib.a(msc_app.c.obj)
                0x1000c3dc                tuh_msc_umount_cb
 .text.disk_status
                0x1000c40c       0x16 fatfs/libfatfs_lib.a(msc_app.c.obj)
                0x1000c40c                disk_status
 .text.disk_initialize
                0x1000c422        0x4 fatfs/libfatfs_lib.a(msc_app.c.obj)
                0x1000c422                disk_initialize
 *fill*         0x1000c426        0x2 
 .text.disk_read
                0x1000c428       0x3c fatfs/libfatfs_lib.a(msc_app.c.obj)
                0x1000c428                disk_read
 .text.disk_write
                0x1000c464       0x3c fatfs/libfatfs_lib.a(msc_app.c.obj)
                0x1000c464                disk_write
 .text.disk_ioctl
                0x1000c4a0       0x4a fatfs/libfatfs_lib.a(msc_app.c.obj)
                0x1000c4a0                disk_ioctl
 *fill*         0x1000c4ea        0x2 
 .text.cli_init
                0x1000c4ec      0x1bc fatfs/libfatfs_lib.a(msc_app.c.obj)
                0x1000c4ec                cli_init
 .text.msc_app_init
                0x1000c6a8       0x30 fatfs/libfatfs_lib.a(msc_app.c.obj)
                0x1000c6a8                msc_app_init
 .text.malloc   0x1000c6d8       0x14 C:/Users/Mypc/.pico-sdk/toolchain/14_2_Rel1/bin/../lib/gcc/arm-none-eabi/14.2.1/thumb/v6-m/nofp\libg.a(libc_a-malloc.o)
                0x1000c6d8                malloc
 .text._malloc_r
                0x1000c6ec      0x5cc C:/Users/Mypc/.pico-sdk/toolchain/14_2_Rel1/bin/../lib/gcc/arm-none-eabi/14.2.1/thumb/v6-m/nofp\libg.a(libc_a-mallocr.o)
                0x1000c6ec                _malloc_r
 .text.__malloc_lock
                0x1000ccb8       0x10 C:/Users/Mypc/.pico-sdk/toolchain/14_2_Rel1/bin/../lib/gcc/arm-none-eabi/14.2.1/thumb/v6-m/nofp\libg.a(libc_a-mlock.o)
                0x1000ccb8                __malloc_lock
 .text.__malloc_unlock
                0x1000ccc8       0x10 C:/Users/Mypc/.pico-sdk/toolchain/14_2_Rel1/bin/../lib/gcc/arm-none-eabi/14.2.1/thumb/v6-m/nofp\libg.a(libc_a-mlock.o)
                0x1000ccc8                __malloc_unlock
 .text.setbuf   0x1000ccd8       0x18 C:/Users/Mypc/.pico-sdk/toolchain/14_2_Rel1/bin/../lib/gcc/arm-none-eabi/14.2.1/thumb/v6-m/nofp\libg.a(libc_a-setbuf.o)
                0x1000ccd8                setbuf
 .text.setvbuf  0x1000ccf0      0x1a8 C:/Users/Mypc/.pico-sdk/toolchain/14_2_Rel1/bin/../lib/gcc/arm-none-eabi/14.2.1/thumb/v6-m/nofp\libg.a(libc_a-setvbuf.o)
                0x1000ccf0                setvbuf
 .text.memcmp   0x1000ce98       0x48 C:/Users/Mypc/.pico-sdk/toolchain/14_2_Rel1/bin/../lib/gcc/arm-none-eabi/14.2.1/thumb/v6-m/nofp\libg.a(libc_a-memcmp.o)
                0x1000ce98                memcmp
 .text.memmove  0x1000cee0       0xc4 C:/Users/Mypc/.pico-sdk/toolchain/14_2_Rel1/bin/../lib/gcc/arm-none-eabi/14.2.1/thumb/v6-m/nofp\libg.a(libc_a-memmove.o)
                0x1000cee0                memmove
 .text.strchr   0x1000cfa4       0xc4 C:/Users/Mypc/.pico-sdk/toolchain/14_2_Rel1/bin/../lib/gcc/arm-none-eabi/14.2.1/thumb/v6-m/nofp\libg.a(libc_a-strchr.o)
                0x1000cfa4                strchr
 .text._sbrk_r  0x1000d068       0x24 C:/Users/Mypc/.pico-sdk/toolchain/14_2_Rel1/bin/../lib/gcc/arm-none-eabi/14.2.1/thumb/v6-m/nofp\libg.a(libc_a-sbrkr.o)
                0x1000d068                _sbrk_r
 .text.__errno  0x1000d08c        0xc C:/Users/Mypc/.pico-sdk/toolchain/14_2_Rel1/bin/../lib/gcc/arm-none-eabi/14.2.1/thumb/v6-m/nofp\libg.a(libc_a-errno.o)
                0x1000d08c                __errno
 .text.__retarget_lock_init_recursive
                0x1000d098        0x4 C:/Users/Mypc/.pico-sdk/toolchain/14_2_Rel1/bin/../lib/gcc/arm-none-eabi/14.2.1/thumb/v6-m/nofp\libg.a(libc_a-lock.o)
                0x1000d098                __retarget_lock_init_recursive
 .text.__retarget_lock_close_recursive
                0x1000d09c        0x4 C:/Users/Mypc/.pico-sdk/toolchain/14_2_Rel1/bin/../lib/gcc/arm-none-eabi/14.2.1/thumb/v6-m/nofp\libg.a(libc_a-lock.o)
                0x1000d09c                __retarget_lock_close_recursive
 .text.__retarget_lock_acquire_recursive
                0x1000d0a0        0x4 C:/Users/Mypc/.pico-sdk/toolchain/14_2_Rel1/bin/../lib/gcc/arm-none-eabi/14.2.1/thumb/v6-m/nofp\libg.a(libc_a-lock.o)
                0x1000d0a0                __retarget_lock_acquire_recursive
 .text.__retarget_lock_release_recursive
                0x1000d0a4        0x4 C:/Users/Mypc/.pico-sdk/toolchain/14_2_Rel1/bin/../lib/gcc/arm-none-eabi/14.2.1/thumb/v6-m/nofp\libg.a(libc_a-lock.o)
                0x1000d0a4                __retarget_lock_release_recursive
 .text.sysconf  0x1000d0a8       0x1c C:/Users/Mypc/.pico-sdk/toolchain/14_2_Rel1/bin/../lib/gcc/arm-none-eabi/14.2.1/thumb/v6-m/nofp\libg.a(libc_a-sysconf.o)
                0x1000d0a8                sysconf
 .text          0x1000d0c4       0x88 C:/Users/Mypc/.pico-sdk/toolchain/14_2_Rel1/bin/../lib/gcc/arm-none-eabi/14.2.1/thumb/v6-m/nofp\libg.a(libc_a-strcmp.o)
                0x1000d0c4                strcmp
 .text.strlen   0x1000d14c       0x5c C:/Users/Mypc/.pico-sdk/toolchain/14_2_Rel1/bin/../lib/gcc/arm-none-eabi/14.2.1/thumb/v6-m/nofp\libg.a(libc_a-strlen-stub.o)
                0x1000d14c                strlen
 .text._malloc_trim_r
                0x1000d1a8       0xb4 C:/Users/Mypc/.pico-sdk/toolchain/14_2_Rel1/bin/../lib/gcc/arm-none-eabi/14.2.1/thumb/v6-m/nofp\libg.a(libc_a-freer.o)
                0x1000d1a8                _malloc_trim_r
 .text._free_r  0x1000d25c      0x1f0 C:/Users/Mypc/.pico-sdk/toolchain/14_2_Rel1/bin/../lib/gcc/arm-none-eabi/14.2.1/thumb/v6-m/nofp\libg.a(libc_a-freer.o)
                0x1000d25c                _free_r
 .text.__sflush_r
                0x1000d44c      0x13c C:/Users/Mypc/.pico-sdk/toolchain/14_2_Rel1/bin/../lib/gcc/arm-none-eabi/14.2.1/thumb/v6-m/nofp\libg.a(libc_a-fflush.o)
                0x1000d44c                __sflush_r
 .text._fflush_r
                0x1000d588       0x68 C:/Users/Mypc/.pico-sdk/toolchain/14_2_Rel1/bin/../lib/gcc/arm-none-eabi/14.2.1/thumb/v6-m/nofp\libg.a(libc_a-fflush.o)
                0x1000d588                _fflush_r
 .text.stdio_exit_handler
                0x1000d5f0       0x1c C:/Users/Mypc/.pico-sdk/toolchain/14_2_Rel1/bin/../lib/gcc/arm-none-eabi/14.2.1/thumb/v6-m/nofp\libg.a(libc_a-findfp.o)
 .text.cleanup_stdio
                0x1000d60c       0x3c C:/Users/Mypc/.pico-sdk/toolchain/14_2_Rel1/bin/../lib/gcc/arm-none-eabi/14.2.1/thumb/v6-m/nofp\libg.a(libc_a-findfp.o)
 .text.global_stdio_init.part.0
                0x1000d648      0x118 C:/Users/Mypc/.pico-sdk/toolchain/14_2_Rel1/bin/../lib/gcc/arm-none-eabi/14.2.1/thumb/v6-m/nofp\libg.a(libc_a-findfp.o)